Microchip MPLAB XC8 Compiler V2.36

Linker command line:

-W-3 --edf=C:\Program Files\Microchip\xc8\v2.36\pic\dat\en_msgs.txt -cn \
  -h+dist/default/production\Ex_6-2.X.production.sym \
  --cmf=dist/default/production\Ex_6-2.X.production.cmf -z -Q16F1509 \
  -oC:\Users\Admin\AppData\Local\Temp\xcAs9c8.4 --defsym=__MPLAB_BUILD=1 \
  -Mdist/default/production/Ex_6-2.X.production.map \
  --md=C:\Users\Admin\AppData\Local\Temp\xcAs9c8.dat -E1 -ver=XC8 Compiler \
  --acfsm=1493 -ACODE=00h-07FFhx4 -ASTRCODE=00h-01FFFh -ASTRING=00h-0FFhx32 \
  -ACONST=00h-0FFhx32 -AENTRY=00h-0FFhx32 -ACOMMON=070h-07Fh \
  -ABANK0=020h-06Fh -ABANK1=0A0h-0EFh -ABANK2=0120h-016Fh \
  -ABANK3=01A0h-01EFh -ABANK4=0220h-026Fh -ABANK5=02A0h-02EFh \
  -ABANK6=0320h-032Fh -ABIGRAM=02000h-021EFh \
  -ARAM=020h-06Fh,0A0h-0EFh,0120h-016Fh,01A0h-01EFh,0220h-026Fh,02A0h-02EFh,0320h-032Fh \
  -AABS1=020h-07Fh,0A0h-0EFh,0120h-016Fh,01A0h-01EFh,0220h-026Fh,02A0h-02EFh,0320h-032Fh \
  -ASFR0=00h-01Fh -ASFR1=080h-09Fh -ASFR2=0100h-011Fh -ASFR3=0180h-019Fh \
  -ASFR4=0200h-021Fh -ASFR5=0280h-029Fh -ASFR6=0300h-031Fh \
  -ASFR7=0380h-03EFh -ASFR8=0400h-046Fh -ASFR9=0480h-04EFh \
  -ASFR10=0500h-056Fh -ASFR11=0580h-05EFh -ASFR12=0600h-066Fh \
  -ASFR13=0680h-06EFh -ASFR14=0700h-076Fh -ASFR15=0780h-07EFh \
  -ASFR16=0800h-086Fh -ASFR17=0880h-08EFh -ASFR18=0900h-096Fh \
  -ASFR19=0980h-09EFh -ASFR20=0A00h-0A6Fh -ASFR21=0A80h-0AEFh \
  -ASFR22=0B00h-0B6Fh -ASFR23=0B80h-0BEFh -ASFR24=0C00h-0C6Fh \
  -ASFR25=0C80h-0CEFh -ASFR26=0D00h-0D6Fh -ASFR27=0D80h-0DEFh \
  -ASFR28=0E00h-0E6Fh -ASFR29=0E80h-0EEFh -ASFR30=0F00h-0F6Fh \
  -ASFR31=0F80h-0FEFh -ACONFIG=08007h-08008h -DCONFIG=2 \
  -AIDLOC=08000h-08003h -DIDLOC=2 -DCODE=2 -DSTRCODE=2 -DSTRING=2 -DCONST=2 \
  -DENTRY=2 -preset_vec=00h,intentry,init,end_init -ppowerup=CODE \
  -pcinit=CODE -pfunctab=ENTRY -k \
  C:\Users\Admin\AppData\Local\Temp\xcAs9c8.o \
  dist/default/production\Ex_6-2.X.production.o 

Object code version is 3.11

Machine type is 16F1509



                Name                               Link     Load   Length Selector   Space Scale
C:\Users\Admin\AppData\Local\Temp\xcAs9c8.o
                end_init                              2        2        2        0       0
                reset_vec                             0        0        2        0       0
                config                             8007     8007        2        0       4
                idloc                              8000     8000        4        0       5
dist/default/production\Ex_6-2.X.production.o
                cinit                               7ED      7ED       13      FDA       0
                config                             8007     8007        2        0       4
                idloc                              8000     8000        4        0       5
                text20                              11C      11C       4B      238       0
                text19                              FE1      FE1       1F     1FC2       0
                text18                               67       67       27       CE       0
                text17                              FC4      FC4       1D     1F88       0
                text16                               DF       DF       3D      1BE       0
                text15                               1C       1C       25       38       0
                text14                              262      262       5F      4C4       0
                text13                              1B9      1B9       53      372       0
                text12                              484      484      101      908       0
                text11                              39A      39A       EA      734       0
                text10                              F90      F90       1A     1F20       0
                text9                                15       15        1       2A       0
                text8                               167      167       52      2CE       0
                text7                                B6       B6       29      16C       0
                text6                               FAA      FAA       1A     1F54       0
                text5                               20C      20C       56      418       0
                text4                               68C      68C      161      D18       0
                text3                               2C1      2C1       D9      582       0
                text2                                8E       8E       28      11C       0
                text1                                41       41       26       82       0
                maintext                            585      585      107      B0A       0
                cstackBANK0                          20       20       46       20       1
                cstackCOMMON                         70       70        E       70       1
                cstackBANK1                          A0       A0       38       A0       1
                clrtext                              16       16        6       2C       0
                bssBANK2                            120      120       20      120       1
                bssBANK0                             66       66        8       20       1
                stringtext3                        101F     101F        9     2000       0
                stringtext2                        1010     1010        F     2000       0
                stringtext1                        1000     1000       10     2000       0

TOTAL           Name                               Link     Load   Length     Space
        CLASS   CODE           
                end_init                              2        2        2         0
                cinit                               7ED      7ED       13         0
                reset_vec                             0        0        2         0
                text20                              11C      11C       4B         0
                text19                              FE1      FE1       1F         0
                text18                               67       67       27         0
                text17                              FC4      FC4       1D         0
                text16                               DF       DF       3D         0
                text15                               1C       1C       25         0
                text14                              262      262       5F         0
                text13                              1B9      1B9       53         0
                text12                              484      484      101         0
                text11                              39A      39A       EA         0
                text10                              F90      F90       1A         0
                text9                                15       15        1         0
                text8                               167      167       52         0
                text7                                B6       B6       29         0
                text6                               FAA      FAA       1A         0
                text5                               20C      20C       56         0
                text4                               68C      68C      161         0
                text3                               2C1      2C1       D9         0
                text2                                8E       8E       28         0
                text1                                41       41       26         0
                maintext                            585      585      107         0
                clrtext                              16       16        6         0

        CLASS   STRCODE        
                stringtext3                        101F     101F        9         0
                stringtext2                        1010     1010        F         0
                stringtext1                        1000     1000       10         0

        CLASS   STRING         

        CLASS   CONST          

        CLASS   ENTRY          

        CLASS   COMMON         
                cstackCOMMON                         70       70        E         1

        CLASS   BANK0          
                cstackBANK0                          20       20       46         1
                bssBANK0                             66       66        8         1

        CLASS   BANK1          
                cstackBANK1                          A0       A0       38         1

        CLASS   BANK2          
                bssBANK2                            120      120       20         1

        CLASS   BANK3          

        CLASS   BANK4          

        CLASS   BANK5          

        CLASS   BANK6          

        CLASS   BIGRAM         

        CLASS   RAM            

        CLASS   ABS1           
                abs_s1                               7E       7E        2         1

        CLASS   SFR0           

        CLASS   SFR1           

        CLASS   SFR2           

        CLASS   SFR3           

        CLASS   SFR4           

        CLASS   SFR5           

        CLASS   SFR6           

        CLASS   SFR7           

        CLASS   SFR8           

        CLASS   SFR9           

        CLASS   SFR10          

        CLASS   SFR11          

        CLASS   SFR12          

        CLASS   SFR13          

        CLASS   SFR14          

        CLASS   SFR15          

        CLASS   SFR16          

        CLASS   SFR17          

        CLASS   SFR18          

        CLASS   SFR19          

        CLASS   SFR20          

        CLASS   SFR21          

        CLASS   SFR22          

        CLASS   SFR23          

        CLASS   SFR24          

        CLASS   SFR25          

        CLASS   SFR26          

        CLASS   SFR27          

        CLASS   SFR28          

        CLASS   SFR29          

        CLASS   SFR30          

        CLASS   SFR31          

        CLASS   CONFIG         
                config                             8007     8007        2         4

        CLASS   IDLOC          
                idloc                              8000     8000        4         5

        CLASS   BANK31         

        CLASS   BANK30         

        CLASS   BANK29         

        CLASS   BANK28         

        CLASS   BANK27         

        CLASS   BANK26         

        CLASS   BANK25         

        CLASS   BANK24         

        CLASS   BANK23         

        CLASS   BANK22         

        CLASS   BANK21         

        CLASS   BANK20         

        CLASS   BANK19         

        CLASS   BANK18         

        CLASS   BANK17         

        CLASS   BANK16         

        CLASS   BANK15         

        CLASS   BANK14         

        CLASS   BANK13         

        CLASS   BANK12         

        CLASS   BANK11         

        CLASS   BANK10         

        CLASS   BANK9          

        CLASS   BANK8          

        CLASS   BANK7          

        CLASS   HEAP           

        CLASS   STACK          

        CLASS   EEDATA         



SEGMENTS        Name                           Load    Length   Top    Selector   Space  Class     Delta

                reset_vec                      000000  000004  000004         0       0  CODE        2
                cstackBANK0                    000020  00004E  00006E        20       1  BANK0       1
                text9                          000015  000001  000016        2A       0  CODE        2
                clrtext                        000016  000006  00001C        2C       0  CODE        2
                text15                         00001C  000025  000041        38       0  CODE        2
                cstackCOMMON                   000070  00000E  00007E        70       1  COMMON      1
                text1                          000041  000026  000067        82       0  CODE        2
                cstackBANK1                    0000A0  000038  0000D8        A0       1  BANK1       1
                text18                         000067  000027  00008E        CE       0  CODE        2
                text2                          00008E  000028  0000B6       11C       0  CODE        2
                bssBANK2                       000120  000020  000140       120       1  BANK2       1
                text7                          0000B6  000029  0000DF       16C       0  CODE        2
                text16                         0000DF  00003D  00011C       1BE       0  CODE        2
                text20                         00011C  00004B  000167       238       0  CODE        2
                text8                          000167  000052  0001B9       2CE       0  CODE        2
                text13                         0001B9  000053  00020C       372       0  CODE        2
                text5                          00020C  000056  000262       418       0  CODE        2
                text14                         000262  00005F  0002C1       4C4       0  CODE        2
                text3                          0002C1  0000D9  00039A       582       0  CODE        2
                text11                         00039A  0000EA  000484       734       0  CODE        2
                text12                         000484  000101  000585       908       0  CODE        2
                maintext                       000585  000107  00068C       B0A       0  CODE        2
                text4                          00068C  000161  0007ED       D18       0  CODE        2
                cinit                          0007ED  000013  000800       FDA       0  CODE        2
                text10                         000F90  00001A  000FAA      1F20       0  CODE        2
                text6                          000FAA  00001A  000FC4      1F54       0  CODE        2
                text17                         000FC4  00001D  000FE1      1F88       0  CODE        2
                text19                         000FE1  00001F  001000      1FC2       0  CODE        2
                stringtext1                    001000  000028  001028      2000       0  STRCODE     2


UNUSED ADDRESS RANGES

        Name                Unused          Largest block    Delta
        BANK0            0006E-0006F               2           1
        BANK1            000D8-000EF              18           1
        BANK2            00140-0016F              30           1
        BANK3            001A0-001EF              50           1
        BANK4            00220-0026F              50           1
        BANK5            002A0-002EF              50           1
        BANK6            00320-0032F              10           1
        BIGRAM           02000-021EF             1F0           1
        CODE             00004-00014              11           2
                         00800-00F8F             790
                         01028-01FFF             7D8
        CONST            00004-00014              11           2
                         00800-00F8F             100
                         01028-01FFF             100
        ENTRY            00004-00014              11           2
                         00800-00F8F             100
                         01028-01FFF             100
        RAM              0006E-0006F               2           1
                         000D8-000EF              18
                         00140-0016F              30
                         001A0-001EF              50
                         00220-0026F              50
                         002A0-002EF              50
                         00320-0032F              10
        SFR0             00000-0001F              20           1
        SFR1             00080-0009F              20           1
        SFR10            00500-0056F              70           1
        SFR11            00580-005EF              70           1
        SFR12            00600-0066F              70           1
        SFR13            00680-006EF              70           1
        SFR14            00700-0076F              70           1
        SFR15            00780-007EF              70           1
        SFR16            00800-0086F              70           1
        SFR17            00880-008EF              70           1
        SFR18            00900-0096F              70           1
        SFR19            00980-009EF              70           1
        SFR2             00100-0011F              20           1
        SFR20            00A00-00A6F              70           1
        SFR21            00A80-00AEF              70           1
        SFR22            00B00-00B6F              70           1
        SFR23            00B80-00BEF              70           1
        SFR24            00C00-00C6F              70           1
        SFR25            00C80-00CEF              70           1
        SFR26            00D00-00D6F              70           1
        SFR27            00D80-00DEF              70           1
        SFR28            00E00-00E6F              70           1
        SFR29            00E80-00EEF              70           1
        SFR3             00180-0019F              20           1
        SFR30            00F00-00F6F              70           1
        SFR31            00F80-00FEF              70           1
        SFR4             00200-0021F              20           1
        SFR5             00280-0029F              20           1
        SFR6             00300-0031F              20           1
        SFR7             00380-003EF              70           1
        SFR8             00400-0046F              70           1
        SFR9             00480-004EF              70           1
        STRCODE          00004-00014              11           2
                         00800-00F8F             790
                         01028-01FFF             FD8
        STRING           00004-00014              11           2
                         00800-00F8F             100
                         01028-01FFF             100

                                  Symbol Table

?___aodiv                cstackBANK0  00020
?___aomod                cstackBANK0  00020
?___awdiv                cstackCOMMON 00070
?___awmod                cstackCOMMON 00070
?_abs                    cstackCOMMON 00073
?_dtoa                   cstackBANK0  00030
?_pad                    cstackBANK0  00024
?_sprintf                cstackBANK1  000A0
?_strlen                 cstackCOMMON 00070
?_vfpfcnvrt              cstackBANK0  0004E
?_vfprintf               cstackBANK0  0005E
LCDGoto@ln               cstackCOMMON 00076
LCDGoto@pos              cstackCOMMON 00079
LCDPutChar@ch            cstackCOMMON 00075
LCDPutCmd@ch             cstackCOMMON 00075
LCDPutStr2@_line         cstackCOMMON 0007D
LCDPutStr2@_pos          cstackCOMMON 0007C
LCDPutStr2@i             cstackBANK0  00023
LCDPutStr2@str           cstackCOMMON 0007A
LCDWriteNibble@ch        cstackCOMMON 00072
LCDWriteNibble@rs        cstackCOMMON 00070
_ANSELB                  (abs)        0018D
_ANSELC                  (abs)        0018E
_LATB                    (abs)        0010D
_LATBbits                (abs)        0010D
_LATC                    (abs)        0010E
_LATCbits                (abs)        0010E
_LCDGoto                 text18       00067
_LCDGoto$104             cstackCOMMON 00077
_LCDPutChar              text17       00FC4
_LCDPutCmd               text19       00FE1
_LCDPutStr2              text16       000DF
_LCDWriteNibble          text20       0011C
_LCD_Initialize          text15       0001C
_TRISB                   (abs)        0008D
_TRISC                   (abs)        0008E
__Habs1                  abs1         00000
__Hbank0                 bank0        00000
__Hbank1                 bank1        00000
__Hbank10                bank10       00000
__Hbank11                bank11       00000
__Hbank12                bank12       00000
__Hbank13                bank13       00000
__Hbank14                bank14       00000
__Hbank15                bank15       00000
__Hbank16                bank16       00000
__Hbank17                bank17       00000
__Hbank18                bank18       00000
__Hbank19                bank19       00000
__Hbank2                 bank2        00000
__Hbank20                bank20       00000
__Hbank21                bank21       00000
__Hbank22                bank22       00000
__Hbank23                bank23       00000
__Hbank24                bank24       00000
__Hbank25                bank25       00000
__Hbank26                bank26       00000
__Hbank27                bank27       00000
__Hbank28                bank28       00000
__Hbank29                bank29       00000
__Hbank3                 bank3        00000
__Hbank30                bank30       00000
__Hbank31                bank31       00000
__Hbank4                 bank4        00000
__Hbank5                 bank5        00000
__Hbank6                 bank6        00000
__Hbank7                 bank7        00000
__Hbank8                 bank8        00000
__Hbank9                 bank9        00000
__Hbigram                bigram       00000
__HbssBANK0              bssBANK0     00000
__HbssBANK2              bssBANK2     00000
__Hcinit                 cinit        00800
__Hclrtext               clrtext      00000
__Hcode                  code         00000
__Hcommon                common       00000
__Hconfig                config       08009
__HcstackBANK0           cstackBANK0  00000
__HcstackBANK1           cstackBANK1  00000
__HcstackCOMMON          cstackCOMMON 00000
__Heeprom_data           eeprom_data  00000
__Hend_init              end_init     00004
__Hfunctab               functab      00000
__Hheap                  heap         00000
__Hidloc                 idloc        08004
__Hinit                  init         00002
__Hintentry              intentry     00002
__Hmaintext              maintext     00000
__Hpowerup               powerup      00000
__Hram                   ram          00000
__Hreset_vec             reset_vec    00002
__Hsfr0                  sfr0         00000
__Hsfr1                  sfr1         00000
__Hsfr10                 sfr10        00000
__Hsfr11                 sfr11        00000
__Hsfr12                 sfr12        00000
__Hsfr13                 sfr13        00000
__Hsfr14                 sfr14        00000
__Hsfr15                 sfr15        00000
__Hsfr16                 sfr16        00000
__Hsfr17                 sfr17        00000
__Hsfr18                 sfr18        00000
__Hsfr19                 sfr19        00000
__Hsfr2                  sfr2         00000
__Hsfr20                 sfr20        00000
__Hsfr21                 sfr21        00000
__Hsfr22                 sfr22        00000
__Hsfr23                 sfr23        00000
__Hsfr24                 sfr24        00000
__Hsfr25                 sfr25        00000
__Hsfr26                 sfr26        00000
__Hsfr27                 sfr27        00000
__Hsfr28                 sfr28        00000
__Hsfr29                 sfr29        00000
__Hsfr3                  sfr3         00000
__Hsfr30                 sfr30        00000
__Hsfr31                 sfr31        00000
__Hsfr4                  sfr4         00000
__Hsfr5                  sfr5         00000
__Hsfr6                  sfr6         00000
__Hsfr7                  sfr7         00000
__Hsfr8                  sfr8         00000
__Hsfr9                  sfr9         00000
__Hspace_0               (abs)        01028
__Hspace_1               (abs)        00140
__Hspace_2               (abs)        00000
__Hspace_3               (abs)        00000
__Hspace_4               (abs)        10010
__Hstack                 stack        00000
__Hstrings               strings      00000
__Hstringtext1           stringtext1  00000
__Hstringtext2           stringtext2  00000
__Hstringtext3           stringtext3  00000
__Hstringtext4           stringtext4  00000
__Htext                  text         00000
__Labs1                  abs1         00000
__Lbank0                 bank0        00000
__Lbank1                 bank1        00000
__Lbank10                bank10       00000
__Lbank11                bank11       00000
__Lbank12                bank12       00000
__Lbank13                bank13       00000
__Lbank14                bank14       00000
__Lbank15                bank15       00000
__Lbank16                bank16       00000
__Lbank17                bank17       00000
__Lbank18                bank18       00000
__Lbank19                bank19       00000
__Lbank2                 bank2        00000
__Lbank20                bank20       00000
__Lbank21                bank21       00000
__Lbank22                bank22       00000
__Lbank23                bank23       00000
__Lbank24                bank24       00000
__Lbank25                bank25       00000
__Lbank26                bank26       00000
__Lbank27                bank27       00000
__Lbank28                bank28       00000
__Lbank29                bank29       00000
__Lbank3                 bank3        00000
__Lbank30                bank30       00000
__Lbank31                bank31       00000
__Lbank4                 bank4        00000
__Lbank5                 bank5        00000
__Lbank6                 bank6        00000
__Lbank7                 bank7        00000
__Lbank8                 bank8        00000
__Lbank9                 bank9        00000
__Lbigram                bigram       00000
__LbssBANK0              bssBANK0     00000
__LbssBANK2              bssBANK2     00000
__Lcinit                 cinit        007ED
__Lclrtext               clrtext      00000
__Lcode                  code         00000
__Lcommon                common       00000
__Lconfig                config       00000
__LcstackBANK0           cstackBANK0  00000
__LcstackBANK1           cstackBANK1  00000
__LcstackCOMMON          cstackCOMMON 00000
__Leeprom_data           eeprom_data  00000
__Lend_init              end_init     00002
__Lfunctab               functab      00000
__Lheap                  heap         00000
__Lidloc                 idloc        00000
__Linit                  init         00002
__Lintentry              intentry     00002
__Lmaintext              maintext     00000
__Lpowerup               powerup      00000
__Lram                   ram          00000
__Lreset_vec             reset_vec    00000
__Lsfr0                  sfr0         00000
__Lsfr1                  sfr1         00000
__Lsfr10                 sfr10        00000
__Lsfr11                 sfr11        00000
__Lsfr12                 sfr12        00000
__Lsfr13                 sfr13        00000
__Lsfr14                 sfr14        00000
__Lsfr15                 sfr15        00000
__Lsfr16                 sfr16        00000
__Lsfr17                 sfr17        00000
__Lsfr18                 sfr18        00000
__Lsfr19                 sfr19        00000
__Lsfr2                  sfr2         00000
__Lsfr20                 sfr20        00000
__Lsfr21                 sfr21        00000
__Lsfr22                 sfr22        00000
__Lsfr23                 sfr23        00000
__Lsfr24                 sfr24        00000
__Lsfr25                 sfr25        00000
__Lsfr26                 sfr26        00000
__Lsfr27                 sfr27        00000
__Lsfr28                 sfr28        00000
__Lsfr29                 sfr29        00000
__Lsfr3                  sfr3         00000
__Lsfr30                 sfr30        00000
__Lsfr31                 sfr31        00000
__Lsfr4                  sfr4         00000
__Lsfr5                  sfr5         00000
__Lsfr6                  sfr6         00000
__Lsfr7                  sfr7         00000
__Lsfr8                  sfr8         00000
__Lsfr9                  sfr9         00000
__Lspace_0               (abs)        00000
__Lspace_1               (abs)        00000
__Lspace_2               (abs)        00000
__Lspace_3               (abs)        00000
__Lspace_4               (abs)        00000
__Lstack                 stack        00000
__Lstrings               strings      00000
__Lstringtext1           stringtext1  00000
__Lstringtext2           stringtext2  00000
__Lstringtext3           stringtext3  00000
__Lstringtext4           stringtext4  00000
__Ltext                  text         00000
__S0                     (abs)        01028
__S1                     (abs)        00140
___aodiv                 text12       00484
___aodiv@counter         cstackCOMMON 00071
___aodiv@dividend        cstackBANK0  00028
___aodiv@divisor         cstackBANK0  00020
___aodiv@quotient        cstackCOMMON 00073
___aodiv@sign            cstackCOMMON 00072
___aomod                 text11       0039A
___aomod@counter         cstackCOMMON 00071
___aomod@dividend        cstackBANK0  00028
___aomod@divisor         cstackBANK0  00020
___aomod@sign            cstackCOMMON 00072
___awdiv                 text14       00262
___awdiv@counter         cstackCOMMON 00075
___awdiv@dividend        cstackCOMMON 00072
___awdiv@divisor         cstackCOMMON 00070
___awdiv@quotient        cstackCOMMON 00077
___awdiv@sign            cstackCOMMON 00076
___awmod                 text13       001B9
___awmod@counter         cstackCOMMON 00075
___awmod@dividend        cstackCOMMON 00072
___awmod@divisor         cstackCOMMON 00070
___awmod@sign            cstackCOMMON 00076
___heap_hi               (abs)        00000
___heap_lo               (abs)        00000
___int_sp                stack        00000
___latbits               (abs)        00002
___sp                    stack        00000
___stackhi               (abs)        00000
___stacklo               (abs)        00000
__end_of_LCDGoto         text18       0008E
__end_of_LCDPutChar      text17       00FE1
__end_of_LCDPutCmd       text19       01000
__end_of_LCDPutStr2      text16       0011C
__end_of_LCDWriteNibble  text20       00167
__end_of_LCD_Initialize  text15       00041
__end_of___aodiv         text12       00585
__end_of___aomod         text11       00484
__end_of___awdiv         text14       002C1
__end_of___awmod         text13       0020C
__end_of__initialization cinit        007FD
__end_of_abs             text10       00FAA
__end_of_dtoa            text4        007ED
__end_of_fputc           text8        001B9
__end_of_fputs           text7        000DF
__end_of_main            maintext     0068C
__end_of_pad             text5        00262
__end_of_putch           text9        00016
__end_of_sprintf         text1        00067
__end_of_strlen          text6        00FC4
__end_of_vfpfcnvrt       text3        0039A
__end_of_vfprintf        text2        000B6
__initialization         cinit        007ED
__pbssBANK0              bssBANK0     00066
__pbssBANK2              bssBANK2     00120
__pcstackBANK0           cstackBANK0  00020
__pcstackBANK1           cstackBANK1  000A0
__pcstackCOMMON          cstackCOMMON 00070
__pmaintext              maintext     00585
__pstringtext1           stringtext1  01000
__pstringtext2           stringtext2  01010
__pstringtext3           stringtext3  0101F
__pstringtext4           stringtext4  00000
__ptext1                 text1        00041
__ptext10                text10       00F90
__ptext11                text11       0039A
__ptext12                text12       00484
__ptext13                text13       001B9
__ptext14                text14       00262
__ptext15                text15       0001C
__ptext16                text16       000DF
__ptext17                text17       00FC4
__ptext18                text18       00067
__ptext19                text19       00FE1
__ptext2                 text2        0008E
__ptext20                text20       0011C
__ptext3                 text3        002C1
__ptext4                 text4        0068C
__ptext5                 text5        0020C
__ptext6                 text6        00FAA
__ptext7                 text7        000B6
__ptext8                 text8        00167
__ptext9                 text9        00015
_abs                     text10       00F90
_dbuf                    bssBANK2     00120
_dtoa                    text4        0068C
_dtoa$535                cstackBANK0  0003B
_flags                   bssBANK0     0006C
_fputc                   text8        00167
_fputs                   text7        000B6
_main                    maintext     00585
_nout                    bssBANK0     00066
_pad                     text5        0020C
_prec                    bssBANK0     0006A
_putch                   text9        00015
_sprintf                 text1        00041
_strlen                  text6        00FAA
_vfpfcnvrt               text3        002C1
_vfprintf                text2        0008E
_width                   bssBANK0     00068
abs@a                    cstackCOMMON 00073
btemp                    (abs)        0007E
clear_ram0               clrtext      00016
dtoa@d                   cstackBANK0  00030
dtoa@fp                  cstackBANK0  0003D
dtoa@i                   cstackBANK0  0004C
dtoa@n                   cstackBANK0  00044
dtoa@p                   cstackBANK0  0003E
dtoa@s                   cstackBANK0  00042
dtoa@w                   cstackBANK0  00040
end_of_initialization    cinit        007FD
fputc@c                  cstackCOMMON 00070
fputc@fp                 cstackCOMMON 00072
fputs@c                  cstackBANK0  00020
fputs@fp                 cstackCOMMON 00078
fputs@i                  cstackBANK0  00021
fputs@s                  cstackBANK0  00023
intlevel0                functab      00000
intlevel1                functab      00000
intlevel2                functab      00000
intlevel3                functab      00000
intlevel4                functab      00000
intlevel5                functab      00000
main@hour_counter        cstackBANK1  000D5
main@hour_digit1         cstackBANK1  000CF
main@hour_digit2         cstackBANK1  000D0
main@minute_counter      cstackBANK1  000D6
main@minute_digit1       cstackBANK1  000D1
main@minute_digit2       cstackBANK1  000D2
main@second_counter      cstackBANK1  000D7
main@second_digit1       cstackBANK1  000D3
main@second_digit2       cstackBANK1  000D4
main@time_string         cstackBANK1  000C6
pad@buf                  cstackBANK0  00024
pad@fp                   cstackBANK0  0002B
pad@i                    cstackBANK0  00027
pad@p                    cstackBANK0  00025
pad@w                    cstackBANK0  00029
reset_vec                reset_vec    00000
sprintf@ap               cstackBANK1  000AE
sprintf@f                cstackBANK1  000B0
sprintf@fmt              cstackBANK1  000A0
sprintf@s                cstackBANK1  000AF
start                    init         00002
start_initialization     cinit        007ED
strlen@a                 cstackCOMMON 00073
strlen@s                 cstackCOMMON 00074
vfpfcnvrt@ap             cstackBANK0  0004F
vfpfcnvrt@fmt            cstackBANK0  0004E
vfpfcnvrt@fp             cstackBANK0  0005D
vfpfcnvrt@ll             cstackBANK0  00055
vfprintf@ap              cstackBANK0  00060
vfprintf@cfmt            cstackBANK0  00064
vfprintf@fmt             cstackBANK0  0005E
vfprintf@fp              cstackBANK0  00063
wtemp0                   (abs)        0007E


MODULE INFORMATION

Module		Function		Class		Link	Load	Size
C:\Program Files\Microchip\xc8\v2.36\pic\sources\c99\common\putch.c
		_putch         		CODE           	0015	0000	1

C:\Program Files\Microchip\xc8\v2.36\pic\sources\c99\common\putch.c estimated size: 1

C:\Program Files\Microchip\xc8\v2.36\pic\sources\c99\common\nf_fputs.c
		_fputs         		CODE           	00B6	0000	41

C:\Program Files\Microchip\xc8\v2.36\pic\sources\c99\common\nf_fputs.c estimated size: 41

C:\Program Files\Microchip\xc8\v2.36\pic\sources\c99\common\aomod.c
		___aomod       		CODE           	039A	0000	234

C:\Program Files\Microchip\xc8\v2.36\pic\sources\c99\common\aomod.c estimated size: 234

C:\Program Files\Microchip\xc8\v2.36\pic\sources\c99\common\awmod.c
		___awmod       		CODE           	01B9	0000	83

C:\Program Files\Microchip\xc8\v2.36\pic\sources\c99\common\awmod.c estimated size: 83

C:\Program Files\Microchip\xc8\v2.36\pic\sources\c99\common\nf_sprintf.c
		_sprintf       		CODE           	0041	0000	38

C:\Program Files\Microchip\xc8\v2.36\pic\sources\c99\common\nf_sprintf.c estimated size: 38

C:\Program Files\Microchip\xc8\v2.36\pic\sources\c99\common\strlen.c
		_strlen        		CODE           	0FAA	0000	26

C:\Program Files\Microchip\xc8\v2.36\pic\sources\c99\common\strlen.c estimated size: 26

C:\Program Files\Microchip\xc8\v2.36\pic\sources\c99\common\aodiv.c
		___aodiv       		CODE           	0484	0000	257

C:\Program Files\Microchip\xc8\v2.36\pic\sources\c99\common\aodiv.c estimated size: 257

C:\Program Files\Microchip\xc8\v2.36\pic\sources\c99\common\nf_fputc.c
		_fputc         		CODE           	0167	0000	82

C:\Program Files\Microchip\xc8\v2.36\pic\sources\c99\common\nf_fputc.c estimated size: 82

C:\Program Files\Microchip\xc8\v2.36\pic\sources\c99\common\awdiv.c
		___awdiv       		CODE           	0262	0000	95

C:\Program Files\Microchip\xc8\v2.36\pic\sources\c99\common\awdiv.c estimated size: 95

C:\Program Files\Microchip\xc8\v2.36\pic\sources\c99\common\doprnt.c
		_vfpfcnvrt     		CODE           	02C1	0000	217
		_pad           		CODE           	020C	0000	86
		_dtoa          		CODE           	068C	0000	353
		_vfprintf      		CODE           	008E	0000	40

C:\Program Files\Microchip\xc8\v2.36\pic\sources\c99\common\doprnt.c estimated size: 696

shared
		__initialization		CODE           	07ED	0000	16

shared estimated size: 16

C:\Program Files\Microchip\xc8\v2.36\pic\sources\c99\common\abs.c
		_abs           		CODE           	0F90	0000	26

C:\Program Files\Microchip\xc8\v2.36\pic\sources\c99\common\abs.c estimated size: 26

lcd.c
		_LCDPutCmd     		CODE           	0FE1	0000	31
		_LCDPutChar    		CODE           	0FC4	0000	29
		_LCDPutStr2    		CODE           	00DF	0000	61
		_LCD_Initialize		CODE           	001C	0000	37
		_LCDWriteNibble		CODE           	011C	0000	75
		_LCDGoto       		CODE           	0067	0000	39

lcd.c estimated size: 272

ex_6-2.c
		_main          		CODE           	0585	0000	263

ex_6-2.c estimated size: 263

