Microchip MPLAB XC8 Compiler V2.36

Linker command line:

-W-3 --edf=C:\Program Files\Microchip\xc8\v2.36\pic\dat\en_msgs.txt -cn \
  -h+dist/default/production\Ex_9.2_20146110.X.production.sym \
  --cmf=dist/default/production\Ex_9.2_20146110.X.production.cmf -z \
  -Q16F1509 -oC:\Users\Admin\AppData\Local\Temp\xcAsfh8.4 \
  --defsym=__MPLAB_BUILD=1 \
  -Mdist/default/production/Ex_9.2_20146110.X.production.map \
  --md=C:\Users\Admin\AppData\Local\Temp\xcAsfh8.dat -E1 -ver=XC8 Compiler \
  --acfsm=1493 -ACODE=00h-07FFhx4 -ASTRCODE=00h-01FFFh -ASTRING=00h-0FFhx32 \
  -ACONST=00h-0FFhx32 -AENTRY=00h-0FFhx32 -ACOMMON=070h-07Fh \
  -ABANK0=020h-06Fh -ABANK1=0A0h-0EFh -ABANK2=0120h-016Fh \
  -ABANK3=01A0h-01EFh -ABANK4=0220h-026Fh -ABANK5=02A0h-02EFh \
  -ABANK6=0320h-032Fh -ABIGRAM=02000h-021EFh \
  -ARAM=020h-06Fh,0A0h-0EFh,0120h-016Fh,01A0h-01EFh,0220h-026Fh,02A0h-02EFh,0320h-032Fh \
  -AABS1=020h-07Fh,0A0h-0EFh,0120h-016Fh,01A0h-01EFh,0220h-026Fh,02A0h-02EFh,0320h-032Fh \
  -ASFR0=00h-01Fh -ASFR1=080h-09Fh -ASFR2=0100h-011Fh -ASFR3=0180h-019Fh \
  -ASFR4=0200h-021Fh -ASFR5=0280h-029Fh -ASFR6=0300h-031Fh \
  -ASFR7=0380h-03EFh -ASFR8=0400h-046Fh -ASFR9=0480h-04EFh \
  -ASFR10=0500h-056Fh -ASFR11=0580h-05EFh -ASFR12=0600h-066Fh \
  -ASFR13=0680h-06EFh -ASFR14=0700h-076Fh -ASFR15=0780h-07EFh \
  -ASFR16=0800h-086Fh -ASFR17=0880h-08EFh -ASFR18=0900h-096Fh \
  -ASFR19=0980h-09EFh -ASFR20=0A00h-0A6Fh -ASFR21=0A80h-0AEFh \
  -ASFR22=0B00h-0B6Fh -ASFR23=0B80h-0BEFh -ASFR24=0C00h-0C6Fh \
  -ASFR25=0C80h-0CEFh -ASFR26=0D00h-0D6Fh -ASFR27=0D80h-0DEFh \
  -ASFR28=0E00h-0E6Fh -ASFR29=0E80h-0EEFh -ASFR30=0F00h-0F6Fh \
  -ASFR31=0F80h-0FEFh -ACONFIG=08007h-08008h -DCONFIG=2 \
  -AIDLOC=08000h-08003h -DIDLOC=2 -DCODE=2 -DSTRCODE=2 -DSTRING=2 -DCONST=2 \
  -DENTRY=2 -preset_vec=00h,intentry,init,end_init -ppowerup=CODE \
  -pcinit=CODE -pfunctab=ENTRY -k \
  C:\Users\Admin\AppData\Local\Temp\xcAsfh8.o \
  dist/default/production\Ex_9.2_20146110.X.production.o 

Object code version is 3.11

Machine type is 16F1509



                Name                               Link     Load   Length Selector   Space Scale
C:\Users\Admin\AppData\Local\Temp\xcAsfh8.o
                end_init                              2        2        2        0       0
                reset_vec                             0        0        2        0       0
                config                             8007     8007        2        0       4
                idloc                              8000     8000        4        0       5
dist/default/production\Ex_9.2_20146110.X.production.o
                cinit                               7F5      7F5        B      FEA       0
                config                             8007     8007        2        0       4
                idloc                              8000     8000        4        0       5
                text28                              F63      F63       4B     1EC6       0
                text27                              E63      E63       1F     1CC6       0
                text26                              EE3      EE3       27     1DC6       0
                text25                              E46      E46       1D     1C8C       0
                text24                                4        4       3D        0       0
                text23                              E82      E82       1F     1D04       0
                text22                              DDE      DDE        6     1BBC       0
                text21                              E15      E15       18     1C2A       0
                text20                              DEA      DEA        B     1BD4       0
                text19                              DF5      DF5       10     1BEA       0
                text18                              DDA      DDA        4     1BB4       0
                text17                              E05      E05       10     1C0A       0
                text16                               9A       9A       60      134       0
                text15                              5BD      5BD      238      B7A       0
                text14                              16B      16B       75      2D6       0
                text13                              EA1      EA1       1F     1D42       0
                text12                              264      264       AD      4C8       0
                text11                              1E0      1E0       84      3C0       0
                text10                               FA       FA       71      1F4       0
                text9                               DD9      DD9        1     1BB2       0
                text8                               FAE      FAE       52     1F5C       0
                text7                               F0A      F0A       28     1E14       0
                text6                               E2D      E2D       19     1C5A       0
                text5                                41       41       59       82       0
                text4                               3D4      3D4       EC      7A8       0
                text3                               311      311       C3      622       0
                text2                               F32      F32       31     1E64       0
                text1                               EC0      EC0       23     1D80       0
                maintext                            4C0      4C0       FD      980       0
                cstackBANK0                          20       20       50       20       1
                cstackCOMMON                         70       70        E       70       1
                cstackBANK1                          C9       C9       1A       A0       1
                clrtext                             DE4      DE4        6     1BC8       0
                bssBANK1                             A0       A0       29       A0       1
                stringtext3                        1017     1017        3     2000       0
                stringtext2                        100C     100C        B     2000       0
                stringtext1                        1000     1000        C     2000       0
                nvBANK1                              E3       E3        2       A0       1

TOTAL           Name                               Link     Load   Length     Space
        CLASS   CODE           
                end_init                              2        2        2         0
                cinit                               7F5      7F5        B         0
                reset_vec                             0        0        2         0
                text28                              F63      F63       4B         0
                text27                              E63      E63       1F         0
                text26                              EE3      EE3       27         0
                text25                              E46      E46       1D         0
                text24                                4        4       3D         0
                text23                              E82      E82       1F         0
                text22                              DDE      DDE        6         0
                text21                              E15      E15       18         0
                text20                              DEA      DEA        B         0
                text19                              DF5      DF5       10         0
                text18                              DDA      DDA        4         0
                text17                              E05      E05       10         0
                text16                               9A       9A       60         0
                text15                              5BD      5BD      238         0
                text14                              16B      16B       75         0
                text13                              EA1      EA1       1F         0
                text12                              264      264       AD         0
                text11                              1E0      1E0       84         0
                text10                               FA       FA       71         0
                text9                               DD9      DD9        1         0
                text8                               FAE      FAE       52         0
                text7                               F0A      F0A       28         0
                text6                               E2D      E2D       19         0
                text5                                41       41       59         0
                text4                               3D4      3D4       EC         0
                text3                               311      311       C3         0
                text2                               F32      F32       31         0
                text1                               EC0      EC0       23         0
                maintext                            4C0      4C0       FD         0
                clrtext                             DE4      DE4        6         0

        CLASS   STRCODE        
                stringtext3                        1017     1017        3         0
                stringtext2                        100C     100C        B         0
                stringtext1                        1000     1000        C         0

        CLASS   STRING         

        CLASS   CONST          

        CLASS   ENTRY          

        CLASS   COMMON         
                cstackCOMMON                         70       70        E         1

        CLASS   BANK0          
                cstackBANK0                          20       20       50         1

        CLASS   BANK1          
                cstackBANK1                          C9       C9       1A         1
                bssBANK1                             A0       A0       29         1
                nvBANK1                              E3       E3        2         1

        CLASS   BANK2          

        CLASS   BANK3          

        CLASS   BANK4          

        CLASS   BANK5          

        CLASS   BANK6          

        CLASS   BIGRAM         

        CLASS   RAM            

        CLASS   ABS1           
                abs_s1                               7E       7E        2         1

        CLASS   SFR0           

        CLASS   SFR1           

        CLASS   SFR2           

        CLASS   SFR3           

        CLASS   SFR4           

        CLASS   SFR5           

        CLASS   SFR6           

        CLASS   SFR7           

        CLASS   SFR8           

        CLASS   SFR9           

        CLASS   SFR10          

        CLASS   SFR11          

        CLASS   SFR12          

        CLASS   SFR13          

        CLASS   SFR14          

        CLASS   SFR15          

        CLASS   SFR16          

        CLASS   SFR17          

        CLASS   SFR18          

        CLASS   SFR19          

        CLASS   SFR20          

        CLASS   SFR21          

        CLASS   SFR22          

        CLASS   SFR23          

        CLASS   SFR24          

        CLASS   SFR25          

        CLASS   SFR26          

        CLASS   SFR27          

        CLASS   SFR28          

        CLASS   SFR29          

        CLASS   SFR30          

        CLASS   SFR31          

        CLASS   CONFIG         
                config                             8007     8007        2         4

        CLASS   IDLOC          
                idloc                              8000     8000        4         5

        CLASS   BANK31         

        CLASS   BANK30         

        CLASS   BANK29         

        CLASS   BANK28         

        CLASS   BANK27         

        CLASS   BANK26         

        CLASS   BANK25         

        CLASS   BANK24         

        CLASS   BANK23         

        CLASS   BANK22         

        CLASS   BANK21         

        CLASS   BANK20         

        CLASS   BANK19         

        CLASS   BANK18         

        CLASS   BANK17         

        CLASS   BANK16         

        CLASS   BANK15         

        CLASS   BANK14         

        CLASS   BANK13         

        CLASS   BANK12         

        CLASS   BANK11         

        CLASS   BANK10         

        CLASS   BANK9          

        CLASS   BANK8          

        CLASS   BANK7          

        CLASS   HEAP           

        CLASS   STACK          

        CLASS   EEDATA         



SEGMENTS        Name                           Load    Length   Top    Selector   Space  Class     Delta

                reset_vec                      000000  000041  000041         0       0  CODE        2
                cstackBANK0                    000020  000050  000070        20       1  BANK0       1
                cstackCOMMON                   000070  00000E  00007E        70       1  COMMON      1
                text5                          000041  000059  00009A        82       0  CODE        2
                bssBANK1                       0000A0  000045  0000E5        A0       1  BANK1       1
                text16                         00009A  000060  0000FA       134       0  CODE        2
                text10                         0000FA  000071  00016B       1F4       0  CODE        2
                text14                         00016B  000075  0001E0       2D6       0  CODE        2
                text11                         0001E0  000084  000264       3C0       0  CODE        2
                text12                         000264  0000AD  000311       4C8       0  CODE        2
                text3                          000311  0000C3  0003D4       622       0  CODE        2
                text4                          0003D4  0000EC  0004C0       7A8       0  CODE        2
                maintext                       0004C0  0000FD  0005BD       980       0  CODE        2
                text15                         0005BD  000238  0007F5       B7A       0  CODE        2
                cinit                          0007F5  00000B  000800       FEA       0  CODE        2
                text9                          000DD9  000001  000DDA      1BB2       0  CODE        2
                text18                         000DDA  000004  000DDE      1BB4       0  CODE        2
                text22                         000DDE  000006  000DE4      1BBC       0  CODE        2
                clrtext                        000DE4  000006  000DEA      1BC8       0  CODE        2
                text20                         000DEA  00000B  000DF5      1BD4       0  CODE        2
                text19                         000DF5  000010  000E05      1BEA       0  CODE        2
                text17                         000E05  000010  000E15      1C0A       0  CODE        2
                text21                         000E15  000018  000E2D      1C2A       0  CODE        2
                text6                          000E2D  000019  000E46      1C5A       0  CODE        2
                text25                         000E46  00001D  000E63      1C8C       0  CODE        2
                text27                         000E63  00001F  000E82      1CC6       0  CODE        2
                text23                         000E82  00001F  000EA1      1D04       0  CODE        2
                text13                         000EA1  00001F  000EC0      1D42       0  CODE        2
                text1                          000EC0  000023  000EE3      1D80       0  CODE        2
                text26                         000EE3  000027  000F0A      1DC6       0  CODE        2
                text7                          000F0A  000028  000F32      1E14       0  CODE        2
                text2                          000F32  000031  000F63      1E64       0  CODE        2
                text28                         000F63  00004B  000FAE      1EC6       0  CODE        2
                text8                          000FAE  000052  001000      1F5C       0  CODE        2
                stringtext1                    001000  00001A  00101A      2000       0  STRCODE     2


UNUSED ADDRESS RANGES

        Name                Unused          Largest block    Delta
        BANK1            000E5-000EF               B           1
        BANK2            00120-0016F              50           1
        BANK3            001A0-001EF              50           1
        BANK4            00220-0026F              50           1
        BANK5            002A0-002EF              50           1
        BANK6            00320-0032F              10           1
        BIGRAM           02000-021EF             1F0           1
        CODE             00800-00DD8             5D9           2
                         0101A-01FFF             7E6
        CONST            00800-00DD8             100           2
                         0101A-01FFF             100
        ENTRY            00800-00DD8             100           2
                         0101A-01FFF             100
        RAM              000E5-000EF               B           1
                         00120-0016F              50
                         001A0-001EF              50
                         00220-0026F              50
                         002A0-002EF              50
                         00320-0032F              10
        SFR0             00000-0001F              20           1
        SFR1             00080-0009F              20           1
        SFR10            00500-0056F              70           1
        SFR11            00580-005EF              70           1
        SFR12            00600-0066F              70           1
        SFR13            00680-006EF              70           1
        SFR14            00700-0076F              70           1
        SFR15            00780-007EF              70           1
        SFR16            00800-0086F              70           1
        SFR17            00880-008EF              70           1
        SFR18            00900-0096F              70           1
        SFR19            00980-009EF              70           1
        SFR2             00100-0011F              20           1
        SFR20            00A00-00A6F              70           1
        SFR21            00A80-00AEF              70           1
        SFR22            00B00-00B6F              70           1
        SFR23            00B80-00BEF              70           1
        SFR24            00C00-00C6F              70           1
        SFR25            00C80-00CEF              70           1
        SFR26            00D00-00D6F              70           1
        SFR27            00D80-00DEF              70           1
        SFR28            00E00-00E6F              70           1
        SFR29            00E80-00EEF              70           1
        SFR3             00180-0019F              20           1
        SFR30            00F00-00F6F              70           1
        SFR31            00F80-00FEF              70           1
        SFR4             00200-0021F              20           1
        SFR5             00280-0029F              20           1
        SFR6             00300-0031F              20           1
        SFR7             00380-003EF              70           1
        SFR8             00400-0046F              70           1
        SFR9             00480-004EF              70           1
        STRCODE          00800-00DD8             5D9           2
                         0101A-01FFF             FE6
        STRING           00800-00DD8             100           2
                         0101A-01FFF             100

                                  Symbol Table

?___awdiv                       cstackCOMMON 00076
?___fladd                       cstackBANK0  00032
?___fltol                       cstackBANK0  00046
?___lodiv                       cstackBANK0  00020
?___lomod                       cstackBANK0  00020
?___wmul                        cstackCOMMON 00070
?___xxtofl                      cstackBANK0  00024
?_pad                           cstackBANK0  00024
?_sprintf                       cstackBANK0  0005F
?_strlen                        cstackCOMMON 00070
?_utoa                          cstackBANK0  00030
?_vfpfcnvrt                     cstackBANK0  00047
?_vfprintf                      cstackBANK0  00057
LCDGoto@ln                      cstackCOMMON 00076
LCDGoto@pos                     cstackCOMMON 00079
LCDPutChar@ch                   cstackCOMMON 00075
LCDPutCmd@ch                    cstackCOMMON 00075
LCDPutStr2@_line                cstackCOMMON 0007D
LCDPutStr2@_pos                 cstackCOMMON 0007C
LCDPutStr2@i                    cstackBANK0  00023
LCDPutStr2@str                  cstackCOMMON 0007A
LCDWriteNibble@ch               cstackCOMMON 00072
LCDWriteNibble@rs               cstackCOMMON 00070
_ANSELA                         (abs)        0018C
_ANSELB                         (abs)        0018D
_ANSELC                         (abs)        0018E
_APFCON                         (abs)        0011D
_BORCON                         (abs)        00116
_INTCONbits                     (abs)        0000B
_LATA                           (abs)        0010C
_LATB                           (abs)        0010D
_LATBbits                       (abs)        0010D
_LATC                           (abs)        0010E
_LATCbits                       (abs)        0010E
_LCDGoto                        text26       00EE3
_LCDGoto$380                    cstackCOMMON 00077
_LCDPutChar                     text25       00E46
_LCDPutCmd                      text27       00E63
_LCDPutStr2                     text24       00004
_LCDWriteNibble                 text28       00F63
_LCD_Initialize                 text23       00E82
_OPTION_REG                     (abs)        00095
_OPTION_REGbits                 (abs)        00095
_OSCCON                         (abs)        00099
_OSCILLATOR_Initialize          text22       00DDE
_PIN_MANAGER_Initialize         text21       00E15
_PIR1bits                       (abs)        00011
_SYSTEM_Initialize              text17       00E05
_T1CON                          (abs)        00018
_T1CONbits                      (abs)        00018
_T1GCON                         (abs)        00019
_T1GCONbits                     (abs)        00019
_TMR0                           (abs)        00015
_TMR0_Initialize                text20       00DEA
_TMR1H                          (abs)        00017
_TMR1L                          (abs)        00016
_TMR1_Initialize                text19       00DF5
_TRISA                          (abs)        0008C
_TRISB                          (abs)        0008D
_TRISC                          (abs)        0008E
_WDTCON                         (abs)        00097
_WDT_Initialize                 text18       00DDA
_WPUA                           (abs)        0020C
_WPUB                           (abs)        0020D
__Habs1                         abs1         00000
__Hbank0                        bank0        00000
__Hbank1                        bank1        00000
__Hbank10                       bank10       00000
__Hbank11                       bank11       00000
__Hbank12                       bank12       00000
__Hbank13                       bank13       00000
__Hbank14                       bank14       00000
__Hbank15                       bank15       00000
__Hbank16                       bank16       00000
__Hbank17                       bank17       00000
__Hbank18                       bank18       00000
__Hbank19                       bank19       00000
__Hbank2                        bank2        00000
__Hbank20                       bank20       00000
__Hbank21                       bank21       00000
__Hbank22                       bank22       00000
__Hbank23                       bank23       00000
__Hbank24                       bank24       00000
__Hbank25                       bank25       00000
__Hbank26                       bank26       00000
__Hbank27                       bank27       00000
__Hbank28                       bank28       00000
__Hbank29                       bank29       00000
__Hbank3                        bank3        00000
__Hbank30                       bank30       00000
__Hbank31                       bank31       00000
__Hbank4                        bank4        00000
__Hbank5                        bank5        00000
__Hbank6                        bank6        00000
__Hbank7                        bank7        00000
__Hbank8                        bank8        00000
__Hbank9                        bank9        00000
__Hbigram                       bigram       00000
__HbssBANK1                     bssBANK1     00000
__Hcinit                        cinit        00800
__Hclrtext                      clrtext      00000
__Hcode                         code         00000
__Hcommon                       common       00000
__Hconfig                       config       08009
__HcstackBANK0                  cstackBANK0  00000
__HcstackBANK1                  cstackBANK1  00000
__HcstackCOMMON                 cstackCOMMON 00000
__Heeprom_data                  eeprom_data  00000
__Hend_init                     end_init     00004
__Hfunctab                      functab      00000
__Hheap                         heap         00000
__Hidloc                        idloc        08004
__Hinit                         init         00002
__Hintentry                     intentry     00002
__Hmaintext                     maintext     00000
__HnvBANK1                      nvBANK1      00000
__Hpowerup                      powerup      00000
__Hram                          ram          00000
__Hreset_vec                    reset_vec    00002
__Hsfr0                         sfr0         00000
__Hsfr1                         sfr1         00000
__Hsfr10                        sfr10        00000
__Hsfr11                        sfr11        00000
__Hsfr12                        sfr12        00000
__Hsfr13                        sfr13        00000
__Hsfr14                        sfr14        00000
__Hsfr15                        sfr15        00000
__Hsfr16                        sfr16        00000
__Hsfr17                        sfr17        00000
__Hsfr18                        sfr18        00000
__Hsfr19                        sfr19        00000
__Hsfr2                         sfr2         00000
__Hsfr20                        sfr20        00000
__Hsfr21                        sfr21        00000
__Hsfr22                        sfr22        00000
__Hsfr23                        sfr23        00000
__Hsfr24                        sfr24        00000
__Hsfr25                        sfr25        00000
__Hsfr26                        sfr26        00000
__Hsfr27                        sfr27        00000
__Hsfr28                        sfr28        00000
__Hsfr29                        sfr29        00000
__Hsfr3                         sfr3         00000
__Hsfr30                        sfr30        00000
__Hsfr31                        sfr31        00000
__Hsfr4                         sfr4         00000
__Hsfr5                         sfr5         00000
__Hsfr6                         sfr6         00000
__Hsfr7                         sfr7         00000
__Hsfr8                         sfr8         00000
__Hsfr9                         sfr9         00000
__Hspace_0                      (abs)        0101A
__Hspace_1                      (abs)        000E5
__Hspace_2                      (abs)        00000
__Hspace_3                      (abs)        00000
__Hspace_4                      (abs)        10010
__Hstack                        stack        00000
__Hstrings                      strings      00000
__Hstringtext1                  stringtext1  00000
__Hstringtext2                  stringtext2  00000
__Hstringtext3                  stringtext3  00000
__Hstringtext4                  stringtext4  00000
__Htext                         text         00000
__Labs1                         abs1         00000
__Lbank0                        bank0        00000
__Lbank1                        bank1        00000
__Lbank10                       bank10       00000
__Lbank11                       bank11       00000
__Lbank12                       bank12       00000
__Lbank13                       bank13       00000
__Lbank14                       bank14       00000
__Lbank15                       bank15       00000
__Lbank16                       bank16       00000
__Lbank17                       bank17       00000
__Lbank18                       bank18       00000
__Lbank19                       bank19       00000
__Lbank2                        bank2        00000
__Lbank20                       bank20       00000
__Lbank21                       bank21       00000
__Lbank22                       bank22       00000
__Lbank23                       bank23       00000
__Lbank24                       bank24       00000
__Lbank25                       bank25       00000
__Lbank26                       bank26       00000
__Lbank27                       bank27       00000
__Lbank28                       bank28       00000
__Lbank29                       bank29       00000
__Lbank3                        bank3        00000
__Lbank30                       bank30       00000
__Lbank31                       bank31       00000
__Lbank4                        bank4        00000
__Lbank5                        bank5        00000
__Lbank6                        bank6        00000
__Lbank7                        bank7        00000
__Lbank8                        bank8        00000
__Lbank9                        bank9        00000
__Lbigram                       bigram       00000
__LbssBANK1                     bssBANK1     00000
__Lcinit                        cinit        007F5
__Lclrtext                      clrtext      00000
__Lcode                         code         00000
__Lcommon                       common       00000
__Lconfig                       config       00000
__LcstackBANK0                  cstackBANK0  00000
__LcstackBANK1                  cstackBANK1  00000
__LcstackCOMMON                 cstackCOMMON 00000
__Leeprom_data                  eeprom_data  00000
__Lend_init                     end_init     00002
__Lfunctab                      functab      00000
__Lheap                         heap         00000
__Lidloc                        idloc        00000
__Linit                         init         00002
__Lintentry                     intentry     00002
__Lmaintext                     maintext     00000
__LnvBANK1                      nvBANK1      00000
__Lpowerup                      powerup      00000
__Lram                          ram          00000
__Lreset_vec                    reset_vec    00000
__Lsfr0                         sfr0         00000
__Lsfr1                         sfr1         00000
__Lsfr10                        sfr10        00000
__Lsfr11                        sfr11        00000
__Lsfr12                        sfr12        00000
__Lsfr13                        sfr13        00000
__Lsfr14                        sfr14        00000
__Lsfr15                        sfr15        00000
__Lsfr16                        sfr16        00000
__Lsfr17                        sfr17        00000
__Lsfr18                        sfr18        00000
__Lsfr19                        sfr19        00000
__Lsfr2                         sfr2         00000
__Lsfr20                        sfr20        00000
__Lsfr21                        sfr21        00000
__Lsfr22                        sfr22        00000
__Lsfr23                        sfr23        00000
__Lsfr24                        sfr24        00000
__Lsfr25                        sfr25        00000
__Lsfr26                        sfr26        00000
__Lsfr27                        sfr27        00000
__Lsfr28                        sfr28        00000
__Lsfr29                        sfr29        00000
__Lsfr3                         sfr3         00000
__Lsfr30                        sfr30        00000
__Lsfr31                        sfr31        00000
__Lsfr4                         sfr4         00000
__Lsfr5                         sfr5         00000
__Lsfr6                         sfr6         00000
__Lsfr7                         sfr7         00000
__Lsfr8                         sfr8         00000
__Lsfr9                         sfr9         00000
__Lspace_0                      (abs)        00000
__Lspace_1                      (abs)        00000
__Lspace_2                      (abs)        00000
__Lspace_3                      (abs)        00000
__Lspace_4                      (abs)        00000
__Lstack                        stack        00000
__Lstrings                      strings      00000
__Lstringtext1                  stringtext1  00000
__Lstringtext2                  stringtext2  00000
__Lstringtext3                  stringtext3  00000
__Lstringtext4                  stringtext4  00000
__Ltext                         text         00000
__S0                            (abs)        0101A
__S1                            (abs)        000E5
___awdiv                        text16       0009A
___awdiv@counter                cstackBANK0  00020
___awdiv@dividend               cstackCOMMON 00078
___awdiv@divisor                cstackCOMMON 00076
___awdiv@quotient               cstackBANK0  00022
___awdiv@sign                   cstackBANK0  00021
___fladd                        text15       005BD
___fladd@a                      cstackBANK0  00036
___fladd@aexp                   cstackBANK0  00043
___fladd@b                      cstackBANK0  00032
___fladd@bexp                   cstackBANK0  00044
___fladd@grs                    cstackBANK0  00045
___fladd@signs                  cstackBANK0  00042
___fltol                        text14       0016B
___fltol@exp1                   cstackCOMMON 0007C
___fltol@f1                     cstackBANK0  00046
___fltol@sign1                  cstackCOMMON 0007B
___heap_hi                      (abs)        00000
___heap_lo                      (abs)        00000
___int_sp                       stack        00000
___latbits                      (abs)        00002
___lodiv                        text11       001E0
___lodiv@counter                cstackCOMMON 00079
___lodiv@dividend               cstackBANK0  00028
___lodiv@divisor                cstackBANK0  00020
___lodiv@quotient               cstackCOMMON 00071
___lomod                        text10       000FA
___lomod@counter                cstackCOMMON 00071
___lomod@dividend               cstackBANK0  00028
___lomod@divisor                cstackBANK0  00020
___sp                           stack        00000
___stackhi                      (abs)        00000
___stacklo                      (abs)        00000
___wmul                         text13       00EA1
___wmul@multiplicand            cstackCOMMON 00072
___wmul@multiplier              cstackCOMMON 00070
___wmul@product                 cstackCOMMON 00074
___xxtofl                       text12       00264
___xxtofl@arg                   cstackBANK0  0002E
___xxtofl@exp                   cstackBANK0  0002D
___xxtofl@sign                  cstackBANK0  0002C
___xxtofl@val                   cstackBANK0  00024
__end_of_LCDGoto                text26       00F0A
__end_of_LCDPutChar             text25       00E63
__end_of_LCDPutCmd              text27       00E82
__end_of_LCDPutStr2             text24       00041
__end_of_LCDWriteNibble         text28       00FAE
__end_of_LCD_Initialize         text23       00EA1
__end_of_OSCILLATOR_Initialize  text22       00DE4
__end_of_PIN_MANAGER_Initialize text21       00E2D
__end_of_SYSTEM_Initialize      text17       00E15
__end_of_TMR0_Initialize        text20       00DF5
__end_of_TMR1_Initialize        text19       00E05
__end_of_WDT_Initialize         text18       00DDE
__end_of___awdiv                text16       000FA
__end_of___fladd                text15       007F5
__end_of___fltol                text14       001E0
__end_of___lodiv                text11       00264
__end_of___lomod                text10       0016B
__end_of___wmul                 text13       00EC0
__end_of___xxtofl               text12       00311
__end_of__initialization        cinit        007FD
__end_of_fputc                  text8        01000
__end_of_fputs                  text7        00F32
__end_of_main                   maintext     005BD
__end_of_pad                    text5        0009A
__end_of_putch                  text9        00DDA
__end_of_sprintf                text1        00EE3
__end_of_strlen                 text6        00E46
__end_of_utoa                   text4        004C0
__end_of_vfpfcnvrt              text3        003D4
__end_of_vfprintf               text2        00F63
__initialization                cinit        007F5
__pbssBANK1                     bssBANK1     000A0
__pcstackBANK0                  cstackBANK0  00020
__pcstackBANK1                  cstackBANK1  000C9
__pcstackCOMMON                 cstackCOMMON 00070
__pmaintext                     maintext     004C0
__pnvBANK1                      nvBANK1      000E3
__pstringtext1                  stringtext1  01000
__pstringtext2                  stringtext2  0100C
__pstringtext3                  stringtext3  01017
__pstringtext4                  stringtext4  00000
__ptext1                        text1        00EC0
__ptext10                       text10       000FA
__ptext11                       text11       001E0
__ptext12                       text12       00264
__ptext13                       text13       00EA1
__ptext14                       text14       0016B
__ptext15                       text15       005BD
__ptext16                       text16       0009A
__ptext17                       text17       00E05
__ptext18                       text18       00DDA
__ptext19                       text19       00DF5
__ptext2                        text2        00F32
__ptext20                       text20       00DEA
__ptext21                       text21       00E15
__ptext22                       text22       00DDE
__ptext23                       text23       00E82
__ptext24                       text24       00004
__ptext25                       text25       00E46
__ptext26                       text26       00EE3
__ptext27                       text27       00E63
__ptext28                       text28       00F63
__ptext3                        text3        00311
__ptext4                        text4        003D4
__ptext5                        text5        00041
__ptext6                        text6        00E2D
__ptext7                        text7        00F0A
__ptext8                        text8        00FAE
__ptext9                        text9        00DD9
_dbuf                           bssBANK1     000A9
_flags                          bssBANK1     000A6
_fputc                          text8        00FAE
_fputs                          text7        00F0A
_main                           maintext     004C0
_nout                           bssBANK1     000A0
_pad                            text5        00041
_prec                           bssBANK1     000A4
_putch                          text9        00DD9
_sprintf                        text1        00EC0
_strlen                         text6        00E2D
_timer0ReloadVal                bssBANK1     000A8
_timer1ReloadVal                nvBANK1      000E3
_utoa                           text4        003D4
_vfpfcnvrt                      text3        00311
_vfprintf                       text2        00F32
_width                          bssBANK1     000A2
btemp                           (abs)        0007E
clear_ram0                      clrtext      00DE4
end_of_initialization           cinit        007FD
fputc@c                         cstackCOMMON 00070
fputc@fp                        cstackCOMMON 00072
fputs@c                         cstackBANK0  00020
fputs@fp                        cstackCOMMON 00078
fputs@i                         cstackBANK0  00021
fputs@s                         cstackBANK0  00023
intlevel0                       functab      00000
intlevel1                       functab      00000
intlevel2                       functab      00000
intlevel3                       functab      00000
intlevel4                       functab      00000
intlevel5                       functab      00000
main@num_of_revs                cstackBANK1  000E1
main@revs_Str                   cstackBANK1  000CB
main@speed_Str                  cstackBANK1  000D5
main@speed_rpm                  cstackBANK1  000DF
pad@buf                         cstackBANK0  00024
pad@fp                          cstackBANK0  0002B
pad@i                           cstackBANK0  00027
pad@p                           cstackBANK0  00025
pad@w                           cstackBANK0  00029
reset_vec                       reset_vec    00000
sprintf@ap                      cstackBANK0  00064
sprintf@f                       cstackBANK0  00066
sprintf@fmt                     cstackBANK0  0005F
sprintf@s                       cstackBANK0  00065
start                           init         00002
start_initialization            cinit        007F5
strlen@a                        cstackCOMMON 00073
strlen@s                        cstackCOMMON 00074
utoa@d                          cstackBANK0  00030
utoa@fp                         cstackBANK0  00038
utoa@i                          cstackBANK0  00045
utoa@n                          cstackBANK0  0003D
utoa@p                          cstackBANK0  00039
utoa@w                          cstackBANK0  0003B
vfpfcnvrt@ap                    cstackBANK0  00048
vfpfcnvrt@fmt                   cstackBANK0  00047
vfpfcnvrt@fp                    cstackBANK0  00056
vfpfcnvrt@llu                   cstackBANK0  0004E
vfprintf@ap                     cstackBANK0  00059
vfprintf@cfmt                   cstackBANK0  0005D
vfprintf@fmt                    cstackBANK0  00057
vfprintf@fp                     cstackBANK0  0005C
wtemp0                          (abs)        0007E


MODULE INFORMATION

Module		Function		Class		Link	Load	Size
C:\Program Files\Microchip\xc8\v2.36\pic\sources\c99\common\putch.c
		_putch         		CODE           	0DD9	0000	1

C:\Program Files\Microchip\xc8\v2.36\pic\sources\c99\common\putch.c estimated size: 1

C:\Program Files\Microchip\xc8\v2.36\pic\sources\c99\common\lomod.c
		___lomod       		CODE           	00FA	0000	113

C:\Program Files\Microchip\xc8\v2.36\pic\sources\c99\common\lomod.c estimated size: 113

C:\Program Files\Microchip\xc8\v2.36\pic\sources\c99\common\nf_fputs.c
		_fputs         		CODE           	0F0A	0000	40

C:\Program Files\Microchip\xc8\v2.36\pic\sources\c99\common\nf_fputs.c estimated size: 40

C:\Program Files\Microchip\xc8\v2.36\pic\sources\c99\common\nf_sprintf.c
		_sprintf       		CODE           	0EC0	0000	35

C:\Program Files\Microchip\xc8\v2.36\pic\sources\c99\common\nf_sprintf.c estimated size: 35

mcc_generated_files/tmr0.c
		_TMR0_Initialize		CODE           	0DEA	0000	11

mcc_generated_files/tmr0.c estimated size: 11

C:\Program Files\Microchip\xc8\v2.36\pic\sources\c99\common\xxtofl.c
		___xxtofl      		CODE           	0264	0000	173

C:\Program Files\Microchip\xc8\v2.36\pic\sources\c99\common\xxtofl.c estimated size: 173

mcc_generated_files/pin_manager.c
		_PIN_MANAGER_Initialize		CODE           	0E15	0000	24

mcc_generated_files/pin_manager.c estimated size: 24

C:\Program Files\Microchip\xc8\v2.36\pic\sources\c99\common\strlen.c
		_strlen        		CODE           	0E2D	0000	25

C:\Program Files\Microchip\xc8\v2.36\pic\sources\c99\common\strlen.c estimated size: 25

C:\Program Files\Microchip\xc8\v2.36\pic\sources\c99\common\lodiv.c
		___lodiv       		CODE           	01E0	0000	132

C:\Program Files\Microchip\xc8\v2.36\pic\sources\c99\common\lodiv.c estimated size: 132

C:\Program Files\Microchip\xc8\v2.36\pic\sources\c99\common\nf_fputc.c
		_fputc         		CODE           	0FAE	0000	82

C:\Program Files\Microchip\xc8\v2.36\pic\sources\c99\common\nf_fputc.c estimated size: 82

C:\Program Files\Microchip\xc8\v2.36\pic\sources\c99\common\sprcadd.c
		___fladd       		CODE           	05BD	0000	568

C:\Program Files\Microchip\xc8\v2.36\pic\sources\c99\common\sprcadd.c estimated size: 568

C:\Program Files\Microchip\xc8\v2.36\pic\sources\c99\common\awdiv.c
		___awdiv       		CODE           	009A	0000	96

C:\Program Files\Microchip\xc8\v2.36\pic\sources\c99\common\awdiv.c estimated size: 96

C:\Program Files\Microchip\xc8\v2.36\pic\sources\c99\common\doprnt.c
		_vfpfcnvrt     		CODE           	0311	0000	195
		_pad           		CODE           	0041	0000	89
		_vfprintf      		CODE           	0F32	0000	49
		_utoa          		CODE           	03D4	0000	236

C:\Program Files\Microchip\xc8\v2.36\pic\sources\c99\common\doprnt.c estimated size: 569

C:\Program Files\Microchip\xc8\v2.36\pic\sources\c99\common\fltol.c
		___fltol       		CODE           	016B	0000	117

C:\Program Files\Microchip\xc8\v2.36\pic\sources\c99\common\fltol.c estimated size: 117

shared
		__initialization		CODE           	07F5	0000	8

shared estimated size: 8

mcc_generated_files/mcc.c
		_WDT_Initialize		CODE           	0DDA	0000	4
		_OSCILLATOR_Initialize		CODE           	0DDE	0000	6
		_SYSTEM_Initialize		CODE           	0E05	0000	16

mcc_generated_files/mcc.c estimated size: 26

mcc_generated_files/tmr1.c
		_TMR1_Initialize		CODE           	0DF5	0000	16

mcc_generated_files/tmr1.c estimated size: 16

lcd.c
		_LCDPutCmd     		CODE           	0E63	0000	31
		_LCDPutChar    		CODE           	0E46	0000	29
		_LCDPutStr2    		CODE           	0004	0000	61
		_LCD_Initialize		CODE           	0E82	0000	31
		_LCDWriteNibble		CODE           	0F63	0000	75
		_LCDGoto       		CODE           	0EE3	0000	39

lcd.c estimated size: 266

main.c
		_main          		CODE           	04C0	0000	253

main.c estimated size: 253

C:\Program Files\Microchip\xc8\v2.36\pic\sources\c99\common\Umul16.c
		___wmul        		CODE           	0EA1	0000	31

C:\Program Files\Microchip\xc8\v2.36\pic\sources\c99\common\Umul16.c estimated size: 31

