Microchip MPLAB XC8 Compiler V2.36

Linker command line:

-W-3 --edf=C:\Program Files\Microchip\xc8\v2.36\pic\dat\en_msgs.txt -cn \
  -h+dist/default/production\74HC595_Countdown_Clock.X.production.sym \
  --cmf=dist/default/production\74HC595_Countdown_Clock.X.production.cmf -z \
  -Q16F1509 -oC:\Users\Admin\AppData\Local\Temp\xcAs1ek.4 \
  --defsym=__MPLAB_BUILD=1 \
  -Mdist/default/production/74HC595_Countdown_Clock.X.production.map \
  --md=C:\Users\Admin\AppData\Local\Temp\xcAs1ek.dat -E1 -ver=XC8 Compiler \
  --acfsm=1493 -ACODE=00h-07FFhx4 -ASTRCODE=00h-01FFFh -ASTRING=00h-0FFhx32 \
  -ACONST=00h-0FFhx32 -AENTRY=00h-0FFhx32 -ACOMMON=070h-07Fh \
  -ABANK0=020h-06Fh -ABANK1=0A0h-0EFh -ABANK2=0120h-016Fh \
  -ABANK3=01A0h-01EFh -ABANK4=0220h-026Fh -ABANK5=02A0h-02EFh \
  -ABANK6=0320h-032Fh -ABIGRAM=02000h-021EFh \
  -ARAM=020h-06Fh,0A0h-0EFh,0120h-016Fh,01A0h-01EFh,0220h-026Fh,02A0h-02EFh,0320h-032Fh \
  -AABS1=020h-07Fh,0A0h-0EFh,0120h-016Fh,01A0h-01EFh,0220h-026Fh,02A0h-02EFh,0320h-032Fh \
  -ASFR0=00h-01Fh -ASFR1=080h-09Fh -ASFR2=0100h-011Fh -ASFR3=0180h-019Fh \
  -ASFR4=0200h-021Fh -ASFR5=0280h-029Fh -ASFR6=0300h-031Fh \
  -ASFR7=0380h-03EFh -ASFR8=0400h-046Fh -ASFR9=0480h-04EFh \
  -ASFR10=0500h-056Fh -ASFR11=0580h-05EFh -ASFR12=0600h-066Fh \
  -ASFR13=0680h-06EFh -ASFR14=0700h-076Fh -ASFR15=0780h-07EFh \
  -ASFR16=0800h-086Fh -ASFR17=0880h-08EFh -ASFR18=0900h-096Fh \
  -ASFR19=0980h-09EFh -ASFR20=0A00h-0A6Fh -ASFR21=0A80h-0AEFh \
  -ASFR22=0B00h-0B6Fh -ASFR23=0B80h-0BEFh -ASFR24=0C00h-0C6Fh \
  -ASFR25=0C80h-0CEFh -ASFR26=0D00h-0D6Fh -ASFR27=0D80h-0DEFh \
  -ASFR28=0E00h-0E6Fh -ASFR29=0E80h-0EEFh -ASFR30=0F00h-0F6Fh \
  -ASFR31=0F80h-0FEFh -ACONFIG=08007h-08008h -DCONFIG=2 \
  -AIDLOC=08000h-08003h -DIDLOC=2 -DCODE=2 -DSTRCODE=2 -DSTRING=2 -DCONST=2 \
  -DENTRY=2 -preset_vec=00h,intentry,init,end_init -ppowerup=CODE \
  -pcinit=CODE -pfunctab=ENTRY -k \
  C:\Users\Admin\AppData\Local\Temp\xcAs1ek.o \
  dist/default/production\74HC595_Countdown_Clock.X.production.o 

Object code version is 3.11

Machine type is 16F1509



                Name                               Link     Load   Length Selector   Space Scale
C:\Users\Admin\AppData\Local\Temp\xcAs1ek.o
                end_init                              2        2        2        0       0
                reset_vec                             0        0        2        0       0
                config                             8007     8007        2        0       4
                idloc                              8000     8000        4        0       5
dist/default/production\74HC595_Countdown_Clock.X.production.o
                cinit                               7FD      7FD        3      FFA       0
                config                             8007     8007        2        0       4
                idloc                              8000     8000        4        0       5
                text25                              EA3      EA3        4     1D46       0
                text24                              EA7      EA7        4     1D4E       0
                text23                              FE1      FE1       1F     1FC2       0
                text22                              EB5      EB5       13     1D6A       0
                text21                              F01      F01       1C     1E02       0
                text20                               79       79       2E       F2       0
                text19                              F1D      F1D       1C     1E3A       0
                text18                               2F       2F       25       5E       0
                text17                               A7       A7       2E      14E       0
                text16                              F39      F39       1C     1E72       0
                text15                              EC8      EC8       13     1D90       0
                text14                              EAB      EAB        A     1D56       0
                text13                              F55      F55       1C     1EAA       0
                text12                              25C      25C      5A1      4B8       0
                text11                               10       10       1F       20       0
                text10                              EDB      EDB       13     1DB6       0
                text9                               F71      F71       1C     1EE2       0
                text8                                D5       D5       2E      1AA       0
                text7                               F8D      F8D       1C     1F1A       0
                text6                                54       54       25       A8       0
                text5                               103      103       2E      206       0
                text4                               FA9      FA9       1C     1F52       0
                text3                               EEE      EEE       13     1DDC       0
                text2                                 6        6        A        C       0
                text1                               FC5      FC5       1C     1F8A       0
                maintext                            131      131      12B      262       0
                cstackCOMMON                         70       70        8       70       1

TOTAL           Name                               Link     Load   Length     Space
        CLASS   CODE           
                end_init                              2        2        2         0
                cinit                               7FD      7FD        3         0
                reset_vec                             0        0        2         0
                text25                              EA3      EA3        4         0
                text24                              EA7      EA7        4         0
                text23                              FE1      FE1       1F         0
                text22                              EB5      EB5       13         0
                text21                              F01      F01       1C         0
                text20                               79       79       2E         0
                text19                              F1D      F1D       1C         0
                text18                               2F       2F       25         0
                text17                               A7       A7       2E         0
                text16                              F39      F39       1C         0
                text15                              EC8      EC8       13         0
                text14                              EAB      EAB        A         0
                text13                              F55      F55       1C         0
                text12                              25C      25C      5A1         0
                text11                               10       10       1F         0
                text10                              EDB      EDB       13         0
                text9                               F71      F71       1C         0
                text8                                D5       D5       2E         0
                text7                               F8D      F8D       1C         0
                text6                                54       54       25         0
                text5                               103      103       2E         0
                text4                               FA9      FA9       1C         0
                text3                               EEE      EEE       13         0
                text2                                 6        6        A         0
                text1                               FC5      FC5       1C         0
                maintext                            131      131      12B         0

        CLASS   STRCODE        

        CLASS   STRING         

        CLASS   CONST          

        CLASS   ENTRY          

        CLASS   COMMON         
                cstackCOMMON                         70       70        8         1

        CLASS   BANK0          

        CLASS   BANK1          

        CLASS   BANK2          

        CLASS   BANK3          

        CLASS   BANK4          

        CLASS   BANK5          

        CLASS   BANK6          

        CLASS   BIGRAM         

        CLASS   RAM            

        CLASS   ABS1           
                abs_s1                               7E       7E        2         1

        CLASS   SFR0           

        CLASS   SFR1           

        CLASS   SFR2           

        CLASS   SFR3           

        CLASS   SFR4           

        CLASS   SFR5           

        CLASS   SFR6           

        CLASS   SFR7           

        CLASS   SFR8           

        CLASS   SFR9           

        CLASS   SFR10          

        CLASS   SFR11          

        CLASS   SFR12          

        CLASS   SFR13          

        CLASS   SFR14          

        CLASS   SFR15          

        CLASS   SFR16          

        CLASS   SFR17          

        CLASS   SFR18          

        CLASS   SFR19          

        CLASS   SFR20          

        CLASS   SFR21          

        CLASS   SFR22          

        CLASS   SFR23          

        CLASS   SFR24          

        CLASS   SFR25          

        CLASS   SFR26          

        CLASS   SFR27          

        CLASS   SFR28          

        CLASS   SFR29          

        CLASS   SFR30          

        CLASS   SFR31          

        CLASS   CONFIG         
                config                             8007     8007        2         4

        CLASS   IDLOC          
                idloc                              8000     8000        4         5

        CLASS   BANK31         

        CLASS   BANK30         

        CLASS   BANK29         

        CLASS   BANK28         

        CLASS   BANK27         

        CLASS   BANK26         

        CLASS   BANK25         

        CLASS   BANK24         

        CLASS   BANK23         

        CLASS   BANK22         

        CLASS   BANK21         

        CLASS   BANK20         

        CLASS   BANK19         

        CLASS   BANK18         

        CLASS   BANK17         

        CLASS   BANK16         

        CLASS   BANK15         

        CLASS   BANK14         

        CLASS   BANK13         

        CLASS   BANK12         

        CLASS   BANK11         

        CLASS   BANK10         

        CLASS   BANK9          

        CLASS   BANK8          

        CLASS   BANK7          

        CLASS   HEAP           

        CLASS   STACK          

        CLASS   EEDATA         



SEGMENTS        Name                           Load    Length   Top    Selector   Space  Class     Delta

                reset_vec                      000000  000004  000004         0       0  CODE        2
                text2                          000006  00000A  000010         C       0  CODE        2
                text11                         000010  00001F  00002F        20       0  CODE        2
                text18                         00002F  000025  000054        5E       0  CODE        2
                cstackCOMMON                   000070  000008  000078        70       1  COMMON      1
                text6                          000054  000025  000079        A8       0  CODE        2
                text20                         000079  00002E  0000A7        F2       0  CODE        2
                text17                         0000A7  00002E  0000D5       14E       0  CODE        2
                text8                          0000D5  00002E  000103       1AA       0  CODE        2
                text5                          000103  00002E  000131       206       0  CODE        2
                maintext                       000131  00012B  00025C       262       0  CODE        2
                text12                         00025C  0005A1  0007FD       4B8       0  CODE        2
                cinit                          0007FD  000003  000800       FFA       0  CODE        2
                text25                         000EA3  000004  000EA7      1D46       0  CODE        2
                text24                         000EA7  000004  000EAB      1D4E       0  CODE        2
                text14                         000EAB  00000A  000EB5      1D56       0  CODE        2
                text22                         000EB5  000013  000EC8      1D6A       0  CODE        2
                text15                         000EC8  000013  000EDB      1D90       0  CODE        2
                text10                         000EDB  000013  000EEE      1DB6       0  CODE        2
                text3                          000EEE  000013  000F01      1DDC       0  CODE        2
                text21                         000F01  00001C  000F1D      1E02       0  CODE        2
                text19                         000F1D  00001C  000F39      1E3A       0  CODE        2
                text16                         000F39  00001C  000F55      1E72       0  CODE        2
                text13                         000F55  00001C  000F71      1EAA       0  CODE        2
                text9                          000F71  00001C  000F8D      1EE2       0  CODE        2
                text7                          000F8D  00001C  000FA9      1F1A       0  CODE        2
                text4                          000FA9  00001C  000FC5      1F52       0  CODE        2
                text1                          000FC5  00001C  000FE1      1F8A       0  CODE        2
                text23                         000FE1  00001F  001000      1FC2       0  CODE        2


UNUSED ADDRESS RANGES

        Name                Unused          Largest block    Delta
        BANK0            00020-0006F              50           1
        BANK1            000A0-000EF              50           1
        BANK2            00120-0016F              50           1
        BANK3            001A0-001EF              50           1
        BANK4            00220-0026F              50           1
        BANK5            002A0-002EF              50           1
        BANK6            00320-0032F              10           1
        BIGRAM           02000-021EF             1F0           1
        CODE             00004-00005               2           2
                         00800-00EA2             6A3
                         01000-01FFF             800
        COMMON           00078-0007D               6           1
        CONST            00004-00005               2           2
                         00800-00EA2             100
                         01000-01FFF             100
        ENTRY            00004-00005               2           2
                         00800-00EA2             100
                         01000-01FFF             100
        RAM              00020-0006F              50           1
                         000A0-000EF              50
                         00120-0016F              50
                         001A0-001EF              50
                         00220-0026F              50
                         002A0-002EF              50
                         00320-0032F              10
        SFR0             00000-0001F              20           1
        SFR1             00080-0009F              20           1
        SFR10            00500-0056F              70           1
        SFR11            00580-005EF              70           1
        SFR12            00600-0066F              70           1
        SFR13            00680-006EF              70           1
        SFR14            00700-0076F              70           1
        SFR15            00780-007EF              70           1
        SFR16            00800-0086F              70           1
        SFR17            00880-008EF              70           1
        SFR18            00900-0096F              70           1
        SFR19            00980-009EF              70           1
        SFR2             00100-0011F              20           1
        SFR20            00A00-00A6F              70           1
        SFR21            00A80-00AEF              70           1
        SFR22            00B00-00B6F              70           1
        SFR23            00B80-00BEF              70           1
        SFR24            00C00-00C6F              70           1
        SFR25            00C80-00CEF              70           1
        SFR26            00D00-00D6F              70           1
        SFR27            00D80-00DEF              70           1
        SFR28            00E00-00E6F              70           1
        SFR29            00E80-00EEF              70           1
        SFR3             00180-0019F              20           1
        SFR30            00F00-00F6F              70           1
        SFR31            00F80-00FEF              70           1
        SFR4             00200-0021F              20           1
        SFR5             00280-0029F              20           1
        SFR6             00300-0031F              20           1
        SFR7             00380-003EF              70           1
        SFR8             00400-0046F              70           1
        SFR9             00480-004EF              70           1
        STRCODE          00004-00005               2           2
                         00800-00EA2             6A3
                         01000-01FFF            1000
        STRING           00004-00005               2           2
                         00800-00EA2             100
                         01000-01FFF             100

                                  Symbol Table

_ANSELC                  (abs)        0018E
_LATCbits                (abs)        0010E
_TRISC                   (abs)        0008E
__Habs1                  abs1         00000
__Hbank0                 bank0        00000
__Hbank1                 bank1        00000
__Hbank10                bank10       00000
__Hbank11                bank11       00000
__Hbank12                bank12       00000
__Hbank13                bank13       00000
__Hbank14                bank14       00000
__Hbank15                bank15       00000
__Hbank16                bank16       00000
__Hbank17                bank17       00000
__Hbank18                bank18       00000
__Hbank19                bank19       00000
__Hbank2                 bank2        00000
__Hbank20                bank20       00000
__Hbank21                bank21       00000
__Hbank22                bank22       00000
__Hbank23                bank23       00000
__Hbank24                bank24       00000
__Hbank25                bank25       00000
__Hbank26                bank26       00000
__Hbank27                bank27       00000
__Hbank28                bank28       00000
__Hbank29                bank29       00000
__Hbank3                 bank3        00000
__Hbank30                bank30       00000
__Hbank31                bank31       00000
__Hbank4                 bank4        00000
__Hbank5                 bank5        00000
__Hbank6                 bank6        00000
__Hbank7                 bank7        00000
__Hbank8                 bank8        00000
__Hbank9                 bank9        00000
__Hbigram                bigram       00000
__Hcinit                 cinit        00800
__Hclrtext               clrtext      00000
__Hcode                  code         00000
__Hcommon                common       00000
__Hconfig                config       08009
__HcstackCOMMON          cstackCOMMON 00000
__Heeprom_data           eeprom_data  00000
__Hend_init              end_init     00004
__Hfunctab               functab      00000
__Hheap                  heap         00000
__Hidloc                 idloc        08004
__Hinit                  init         00002
__Hintentry              intentry     00002
__Hmaintext              maintext     00000
__Hpowerup               powerup      00000
__Hram                   ram          00000
__Hreset_vec             reset_vec    00002
__Hsfr0                  sfr0         00000
__Hsfr1                  sfr1         00000
__Hsfr10                 sfr10        00000
__Hsfr11                 sfr11        00000
__Hsfr12                 sfr12        00000
__Hsfr13                 sfr13        00000
__Hsfr14                 sfr14        00000
__Hsfr15                 sfr15        00000
__Hsfr16                 sfr16        00000
__Hsfr17                 sfr17        00000
__Hsfr18                 sfr18        00000
__Hsfr19                 sfr19        00000
__Hsfr2                  sfr2         00000
__Hsfr20                 sfr20        00000
__Hsfr21                 sfr21        00000
__Hsfr22                 sfr22        00000
__Hsfr23                 sfr23        00000
__Hsfr24                 sfr24        00000
__Hsfr25                 sfr25        00000
__Hsfr26                 sfr26        00000
__Hsfr27                 sfr27        00000
__Hsfr28                 sfr28        00000
__Hsfr29                 sfr29        00000
__Hsfr3                  sfr3         00000
__Hsfr30                 sfr30        00000
__Hsfr31                 sfr31        00000
__Hsfr4                  sfr4         00000
__Hsfr5                  sfr5         00000
__Hsfr6                  sfr6         00000
__Hsfr7                  sfr7         00000
__Hsfr8                  sfr8         00000
__Hsfr9                  sfr9         00000
__Hspace_0               (abs)        01000
__Hspace_1               (abs)        00078
__Hspace_2               (abs)        00000
__Hspace_3               (abs)        00000
__Hspace_4               (abs)        10010
__Hstack                 stack        00000
__Hstrings               strings      00000
__Htext                  text         00000
__Labs1                  abs1         00000
__Lbank0                 bank0        00000
__Lbank1                 bank1        00000
__Lbank10                bank10       00000
__Lbank11                bank11       00000
__Lbank12                bank12       00000
__Lbank13                bank13       00000
__Lbank14                bank14       00000
__Lbank15                bank15       00000
__Lbank16                bank16       00000
__Lbank17                bank17       00000
__Lbank18                bank18       00000
__Lbank19                bank19       00000
__Lbank2                 bank2        00000
__Lbank20                bank20       00000
__Lbank21                bank21       00000
__Lbank22                bank22       00000
__Lbank23                bank23       00000
__Lbank24                bank24       00000
__Lbank25                bank25       00000
__Lbank26                bank26       00000
__Lbank27                bank27       00000
__Lbank28                bank28       00000
__Lbank29                bank29       00000
__Lbank3                 bank3        00000
__Lbank30                bank30       00000
__Lbank31                bank31       00000
__Lbank4                 bank4        00000
__Lbank5                 bank5        00000
__Lbank6                 bank6        00000
__Lbank7                 bank7        00000
__Lbank8                 bank8        00000
__Lbank9                 bank9        00000
__Lbigram                bigram       00000
__Lcinit                 cinit        007FD
__Lclrtext               clrtext      00000
__Lcode                  code         00000
__Lcommon                common       00000
__Lconfig                config       00000
__LcstackCOMMON          cstackCOMMON 00000
__Leeprom_data           eeprom_data  00000
__Lend_init              end_init     00002
__Lfunctab               functab      00000
__Lheap                  heap         00000
__Lidloc                 idloc        00000
__Linit                  init         00002
__Lintentry              intentry     00002
__Lmaintext              maintext     00000
__Lpowerup               powerup      00000
__Lram                   ram          00000
__Lreset_vec             reset_vec    00000
__Lsfr0                  sfr0         00000
__Lsfr1                  sfr1         00000
__Lsfr10                 sfr10        00000
__Lsfr11                 sfr11        00000
__Lsfr12                 sfr12        00000
__Lsfr13                 sfr13        00000
__Lsfr14                 sfr14        00000
__Lsfr15                 sfr15        00000
__Lsfr16                 sfr16        00000
__Lsfr17                 sfr17        00000
__Lsfr18                 sfr18        00000
__Lsfr19                 sfr19        00000
__Lsfr2                  sfr2         00000
__Lsfr20                 sfr20        00000
__Lsfr21                 sfr21        00000
__Lsfr22                 sfr22        00000
__Lsfr23                 sfr23        00000
__Lsfr24                 sfr24        00000
__Lsfr25                 sfr25        00000
__Lsfr26                 sfr26        00000
__Lsfr27                 sfr27        00000
__Lsfr28                 sfr28        00000
__Lsfr29                 sfr29        00000
__Lsfr3                  sfr3         00000
__Lsfr30                 sfr30        00000
__Lsfr31                 sfr31        00000
__Lsfr4                  sfr4         00000
__Lsfr5                  sfr5         00000
__Lsfr6                  sfr6         00000
__Lsfr7                  sfr7         00000
__Lsfr8                  sfr8         00000
__Lsfr9                  sfr9         00000
__Lspace_0               (abs)        00000
__Lspace_1               (abs)        00000
__Lspace_2               (abs)        00000
__Lspace_3               (abs)        00000
__Lspace_4               (abs)        00000
__Lstack                 stack        00000
__Lstrings               strings      00000
__Ltext                  text         00000
__S0                     (abs)        01000
__S1                     (abs)        00078
___heap_hi               (abs)        00000
___heap_lo               (abs)        00000
___int_sp                stack        00000
___latbits               (abs)        00002
___sp                    stack        00000
___stackhi               (abs)        00000
___stacklo               (abs)        00000
__end_of__initialization cinit        007FD
__end_of_latch_gen       text24       00EAB
__end_of_latch_gen_1     text25       00EA7
__end_of_main            maintext     0025C
__end_of_pulse_gen       text23       01000
__end_of_pulse_gen_1     text11       0002F
__end_of_second_counting text12       007FD
__end_of_state_0_C1      text22       00EC8
__end_of_state_0_C4      text10       00EEE
__end_of_state_1_C1      text21       00F1D
__end_of_state_1_C4      text9        00F8D
__end_of_state_2_C1      text20       000A7
__end_of_state_2_C4      text8        00103
__end_of_state_3_C1      text19       00F39
__end_of_state_3_C4      text7        00FA9
__end_of_state_4_C1      text18       00054
__end_of_state_4_C4      text6        00079
__end_of_state_5_C1      text17       000D5
__end_of_state_5_C4      text5        00131
__end_of_state_6_C1      text16       00F55
__end_of_state_6_C4      text4        00FC5
__end_of_state_7_C1      text15       00EDB
__end_of_state_7_C4      text3        00F01
__end_of_state_8_C1      text14       00EB5
__end_of_state_8_C4      text2        00010
__end_of_state_9_C1      text13       00F71
__end_of_state_9_C4      text1        00FE1
__initialization         cinit        007FD
__pcstackCOMMON          cstackCOMMON 00070
__pmaintext              maintext     00131
__ptext1                 text1        00FC5
__ptext10                text10       00EDB
__ptext11                text11       00010
__ptext12                text12       0025C
__ptext13                text13       00F55
__ptext14                text14       00EAB
__ptext15                text15       00EC8
__ptext16                text16       00F39
__ptext17                text17       000A7
__ptext18                text18       0002F
__ptext19                text19       00F1D
__ptext2                 text2        00006
__ptext20                text20       00079
__ptext21                text21       00F01
__ptext22                text22       00EB5
__ptext23                text23       00FE1
__ptext24                text24       00EA7
__ptext25                text25       00EA3
__ptext3                 text3        00EEE
__ptext4                 text4        00FA9
__ptext5                 text5        00103
__ptext6                 text6        00054
__ptext7                 text7        00F8D
__ptext8                 text8        000D5
__ptext9                 text9        00F71
_latch_gen               text24       00EA7
_latch_gen_1             text25       00EA3
_main                    maintext     00131
_pulse_gen               text23       00FE1
_pulse_gen_1             text11       00010
_second_counting         text12       0025C
_state_0_C1              text22       00EB5
_state_0_C4              text10       00EDB
_state_1_C1              text21       00F01
_state_1_C4              text9        00F71
_state_2_C1              text20       00079
_state_2_C4              text8        000D5
_state_3_C1              text19       00F1D
_state_3_C4              text7        00F8D
_state_4_C1              text18       0002F
_state_4_C4              text6        00054
_state_5_C1              text17       000A7
_state_5_C4              text5        00103
_state_6_C1              text16       00F39
_state_6_C4              text4        00FA9
_state_7_C1              text15       00EC8
_state_7_C4              text3        00EEE
_state_8_C1              text14       00EAB
_state_8_C4              text2        00006
_state_9_C1              text13       00F55
_state_9_C4              text1        00FC5
btemp                    (abs)        0007E
end_of_initialization    cinit        007FD
intlevel0                functab      00000
intlevel1                functab      00000
intlevel2                functab      00000
intlevel3                functab      00000
intlevel4                functab      00000
intlevel5                functab      00000
pulse_gen@i              cstackCOMMON 00075
pulse_gen@n              cstackCOMMON 00070
pulse_gen_1@i_1          cstackCOMMON 00075
pulse_gen_1@n_1          cstackCOMMON 00070
reset_vec                reset_vec    00000
start                    init         00002
start_initialization     cinit        007FD
wtemp0                   (abs)        0007E


MODULE INFORMATION

Module		Function		Class		Link	Load	Size
shared
		__initialization		CODE           	07FD	0000	1

shared estimated size: 1

countdown.c
		_state_0_C1    		CODE           	0EB5	0000	19
		_state_0_C4    		CODE           	0EDB	0000	19
		_state_3_C1    		CODE           	0F1D	0000	28
		_state_3_C4    		CODE           	0F8D	0000	28
		_state_6_C1    		CODE           	0F39	0000	28
		_state_6_C4    		CODE           	0FA9	0000	28
		_state_9_C1    		CODE           	0F55	0000	28
		_state_9_C4    		CODE           	0FC5	0000	28
		_pulse_gen     		CODE           	0FE1	0000	31
		_latch_gen     		CODE           	0EA7	0000	4
		_pulse_gen_1   		CODE           	0010	0000	31
		_latch_gen_1   		CODE           	0EA3	0000	4
		_main          		CODE           	0131	0000	299
		_state_2_C1    		CODE           	0079	0000	46
		_state_2_C4    		CODE           	00D5	0000	46
		_state_5_C1    		CODE           	00A7	0000	46
		_state_5_C4    		CODE           	0103	0000	46
		_second_counting		CODE           	025C	0000	1441
		_state_8_C1    		CODE           	0EAB	0000	10
		_state_8_C4    		CODE           	0006	0000	10
		_state_1_C1    		CODE           	0F01	0000	28
		_state_1_C4    		CODE           	0F71	0000	28
		_state_4_C1    		CODE           	002F	0000	37
		_state_4_C4    		CODE           	0054	0000	37
		_state_7_C1    		CODE           	0EC8	0000	19
		_state_7_C4    		CODE           	0EEE	0000	19

countdown.c estimated size: 2388

