Microchip MPLAB XC8 Compiler V2.36

Linker command line:

-W-3 --edf=C:\Program Files\Microchip\xc8\v2.36\pic\dat\en_msgs.txt -cn \
  -h+dist/default/production\Ex_8.2_20146110.X.production.sym \
  --cmf=dist/default/production\Ex_8.2_20146110.X.production.cmf -z \
  -Q16F1509 -oC:\Users\Admin\AppData\Local\Temp\xcAscto.4 \
  --defsym=__MPLAB_BUILD=1 \
  -Mdist/default/production/Ex_8.2_20146110.X.production.map \
  --md=C:\Users\Admin\AppData\Local\Temp\xcAscto.dat -E1 -ver=XC8 Compiler \
  --acfsm=1493 -ACODE=00h-07FFhx4 -ASTRCODE=00h-01FFFh -ASTRING=00h-0FFhx32 \
  -ACONST=00h-0FFhx32 -AENTRY=00h-0FFhx32 -ACOMMON=070h-07Fh \
  -ABANK0=020h-06Fh -ABANK1=0A0h-0EFh -ABANK2=0120h-016Fh \
  -ABANK3=01A0h-01EFh -ABANK4=0220h-026Fh -ABANK5=02A0h-02EFh \
  -ABANK6=0320h-032Fh -ABIGRAM=02000h-021EFh \
  -ARAM=020h-06Fh,0A0h-0EFh,0120h-016Fh,01A0h-01EFh,0220h-026Fh,02A0h-02EFh,0320h-032Fh \
  -AABS1=020h-07Fh,0A0h-0EFh,0120h-016Fh,01A0h-01EFh,0220h-026Fh,02A0h-02EFh,0320h-032Fh \
  -ASFR0=00h-01Fh -ASFR1=080h-09Fh -ASFR2=0100h-011Fh -ASFR3=0180h-019Fh \
  -ASFR4=0200h-021Fh -ASFR5=0280h-029Fh -ASFR6=0300h-031Fh \
  -ASFR7=0380h-03EFh -ASFR8=0400h-046Fh -ASFR9=0480h-04EFh \
  -ASFR10=0500h-056Fh -ASFR11=0580h-05EFh -ASFR12=0600h-066Fh \
  -ASFR13=0680h-06EFh -ASFR14=0700h-076Fh -ASFR15=0780h-07EFh \
  -ASFR16=0800h-086Fh -ASFR17=0880h-08EFh -ASFR18=0900h-096Fh \
  -ASFR19=0980h-09EFh -ASFR20=0A00h-0A6Fh -ASFR21=0A80h-0AEFh \
  -ASFR22=0B00h-0B6Fh -ASFR23=0B80h-0BEFh -ASFR24=0C00h-0C6Fh \
  -ASFR25=0C80h-0CEFh -ASFR26=0D00h-0D6Fh -ASFR27=0D80h-0DEFh \
  -ASFR28=0E00h-0E6Fh -ASFR29=0E80h-0EEFh -ASFR30=0F00h-0F6Fh \
  -ASFR31=0F80h-0FEFh -ACONFIG=08007h-08008h -DCONFIG=2 \
  -AIDLOC=08000h-08003h -DIDLOC=2 -DCODE=2 -DSTRCODE=2 -DSTRING=2 -DCONST=2 \
  -DENTRY=2 -preset_vec=00h,intentry,init,end_init -ppowerup=CODE \
  -pcinit=CODE -pfunctab=ENTRY -k \
  C:\Users\Admin\AppData\Local\Temp\xcAscto.o \
  dist/default/production\Ex_8.2_20146110.X.production.o 

Object code version is 3.11

Machine type is 16F1509



                Name                               Link     Load   Length Selector   Space Scale
C:\Users\Admin\AppData\Local\Temp\xcAscto.o
                end_init                              2        2        2        0       0
                reset_vec                             0        0        2        0       0
                config                             8007     8007        2        0       4
                idloc                              8000     8000        4        0       5
dist/default/production\Ex_8.2_20146110.X.production.o
                cinit                               7E3      7E3       1D      FC6       0
                config                             8007     8007        2        0       4
                idloc                              8000     8000        4        0       5
                text28                              E3A      E3A        6     1C74       0
                text27                              E40      E40        6     1C80       0
                text26                              E46      E46        6     1C8C       0
                text25                              F0F      F0F       22     1E1E       0
                text24                              E4C      E4C        6     1C98       0
                text23                              EDB      EDB       1A     1DB6       0
                text22                              E31      E31        4     1C62       0
                text21                              E58      E58        D     1CB0       0
                text20                                5        5        A        A       0
                text19                              E65      E65        F     1CCA       0
                text18                                F        F       32       1E       0
                text17                              E74      E74       10     1CE8       0
                text16                              E94      E94       17     1D28       0
                text15                              25C      25C      101      4B8       0
                text14                              172      172       EA      2E4       0
                text13                              EF5      EF5       1A     1DEA       0
                text12                                4        4        1        0       0
                text11                              FAE      FAE       52     1F5C       0
                text10                              F55      F55       28     1EAA       0
                text9                               EC2      EC2       19     1D84       0
                text8                                41       41       56       82       0
                text7                               35D      35D      163      6BA       0
                text6                                97       97       DB      12E       0
                text5                               F7D      F7D       31     1EFA       0
                text4                               F31      F31       24     1E62       0
                text3                               E84      E84       10     1D08       0
                text2                               E35      E35        5     1C6A       0
                text1                               EAB      EAB       17     1D56       0
                maintext                            4C0      4C0      323      980       0
                cstackBANK0                          20       20       4C       20       1
                cstackCOMMON                         70       70        E       70       1
                cstackBANK1                          C5       C5       1D       A0       1
                clrtext                             E52      E52        6     1CA4       0
                dataBANK1                            E8       E8        3       A0       1
                bssBANK1                             A0       A0       25       A0       1
                bssBANK0                             6C       6C        4       20       1
                stringtext8                        106D     106D        4     2000       0
                stringtext7                        1066     1066        7     2000       0
                stringtext6                        105E     105E        8     2000       0
                stringtext5                        1056     1056        8     2000       0
                stringtext4                        104D     104D        9     2000       0
                stringtext3                        1038     1038       15     2000       0
                stringtext2                        1020     1020       18     2000       0
                stringtext1                        1000     1000       20     2000       0
                nvBANK1                              E2       E2        6       A0       1
                idataBANK1                          E2E      E2E        3     1C5C       0

TOTAL           Name                               Link     Load   Length     Space
        CLASS   CODE           
                end_init                              2        2        2         0
                cinit                               7E3      7E3       1D         0
                reset_vec                             0        0        2         0
                text28                              E3A      E3A        6         0
                text27                              E40      E40        6         0
                text26                              E46      E46        6         0
                text25                              F0F      F0F       22         0
                text24                              E4C      E4C        6         0
                text23                              EDB      EDB       1A         0
                text22                              E31      E31        4         0
                text21                              E58      E58        D         0
                text20                                5        5        A         0
                text19                              E65      E65        F         0
                text18                                F        F       32         0
                text17                              E74      E74       10         0
                text16                              E94      E94       17         0
                text15                              25C      25C      101         0
                text14                              172      172       EA         0
                text13                              EF5      EF5       1A         0
                text12                                4        4        1         0
                text11                              FAE      FAE       52         0
                text10                              F55      F55       28         0
                text9                               EC2      EC2       19         0
                text8                                41       41       56         0
                text7                               35D      35D      163         0
                text6                                97       97       DB         0
                text5                               F7D      F7D       31         0
                text4                               F31      F31       24         0
                text3                               E84      E84       10         0
                text2                               E35      E35        5         0
                text1                               EAB      EAB       17         0
                maintext                            4C0      4C0      323         0
                clrtext                             E52      E52        6         0
                idataBANK1                          E2E      E2E        3         0

        CLASS   STRCODE        
                stringtext8                        106D     106D        4         0
                stringtext7                        1066     1066        7         0
                stringtext6                        105E     105E        8         0
                stringtext5                        1056     1056        8         0
                stringtext4                        104D     104D        9         0
                stringtext3                        1038     1038       15         0
                stringtext2                        1020     1020       18         0
                stringtext1                        1000     1000       20         0

        CLASS   STRING         

        CLASS   CONST          

        CLASS   ENTRY          

        CLASS   COMMON         
                cstackCOMMON                         70       70        E         1

        CLASS   BANK0          
                cstackBANK0                          20       20       4C         1
                bssBANK0                             6C       6C        4         1

        CLASS   BANK1          
                cstackBANK1                          C5       C5       1D         1
                dataBANK1                            E8       E8        3         1
                bssBANK1                             A0       A0       25         1
                nvBANK1                              E2       E2        6         1

        CLASS   BANK2          

        CLASS   BANK3          

        CLASS   BANK4          

        CLASS   BANK5          

        CLASS   BANK6          

        CLASS   BIGRAM         

        CLASS   RAM            

        CLASS   ABS1           
                abs_s1                               7E       7E        2         1

        CLASS   SFR0           

        CLASS   SFR1           

        CLASS   SFR2           

        CLASS   SFR3           

        CLASS   SFR4           

        CLASS   SFR5           

        CLASS   SFR6           

        CLASS   SFR7           

        CLASS   SFR8           

        CLASS   SFR9           

        CLASS   SFR10          

        CLASS   SFR11          

        CLASS   SFR12          

        CLASS   SFR13          

        CLASS   SFR14          

        CLASS   SFR15          

        CLASS   SFR16          

        CLASS   SFR17          

        CLASS   SFR18          

        CLASS   SFR19          

        CLASS   SFR20          

        CLASS   SFR21          

        CLASS   SFR22          

        CLASS   SFR23          

        CLASS   SFR24          

        CLASS   SFR25          

        CLASS   SFR26          

        CLASS   SFR27          

        CLASS   SFR28          

        CLASS   SFR29          

        CLASS   SFR30          

        CLASS   SFR31          

        CLASS   CONFIG         
                config                             8007     8007        2         4

        CLASS   IDLOC          
                idloc                              8000     8000        4         5

        CLASS   BANK31         

        CLASS   BANK30         

        CLASS   BANK29         

        CLASS   BANK28         

        CLASS   BANK27         

        CLASS   BANK26         

        CLASS   BANK25         

        CLASS   BANK24         

        CLASS   BANK23         

        CLASS   BANK22         

        CLASS   BANK21         

        CLASS   BANK20         

        CLASS   BANK19         

        CLASS   BANK18         

        CLASS   BANK17         

        CLASS   BANK16         

        CLASS   BANK15         

        CLASS   BANK14         

        CLASS   BANK13         

        CLASS   BANK12         

        CLASS   BANK11         

        CLASS   BANK10         

        CLASS   BANK9          

        CLASS   BANK8          

        CLASS   BANK7          

        CLASS   HEAP           

        CLASS   STACK          

        CLASS   EEDATA         



SEGMENTS        Name                           Load    Length   Top    Selector   Space  Class     Delta

                reset_vec                      000000  000005  000005         0       0  CODE        2
                text20                         000005  00000A  00000F         A       0  CODE        2
                text18                         00000F  000032  000041        1E       0  CODE        2
                cstackBANK0                    000020  000050  000070        20       1  BANK0       1
                cstackCOMMON                   000070  00000E  00007E        70       1  COMMON      1
                text8                          000041  000056  000097        82       0  CODE        2
                bssBANK1                       0000A0  00004B  0000EB        A0       1  BANK1       1
                text6                          000097  0000DB  000172       12E       0  CODE        2
                text14                         000172  0000EA  00025C       2E4       0  CODE        2
                text15                         00025C  000101  00035D       4B8       0  CODE        2
                text7                          00035D  000163  0004C0       6BA       0  CODE        2
                maintext                       0004C0  000323  0007E3       980       0  CODE        2
                cinit                          0007E3  00001D  000800       FC6       0  CODE        2
                idataBANK1                     000E2E  000003  000E31      1C5C       0  CODE        2
                text22                         000E31  000004  000E35      1C62       0  CODE        2
                text2                          000E35  000005  000E3A      1C6A       0  CODE        2
                text28                         000E3A  000006  000E40      1C74       0  CODE        2
                text27                         000E40  000006  000E46      1C80       0  CODE        2
                text26                         000E46  000006  000E4C      1C8C       0  CODE        2
                text24                         000E4C  000006  000E52      1C98       0  CODE        2
                clrtext                        000E52  000006  000E58      1CA4       0  CODE        2
                text21                         000E58  00000D  000E65      1CB0       0  CODE        2
                text19                         000E65  00000F  000E74      1CCA       0  CODE        2
                text17                         000E74  000010  000E84      1CE8       0  CODE        2
                text3                          000E84  000010  000E94      1D08       0  CODE        2
                text16                         000E94  000017  000EAB      1D28       0  CODE        2
                text1                          000EAB  000017  000EC2      1D56       0  CODE        2
                text9                          000EC2  000019  000EDB      1D84       0  CODE        2
                text23                         000EDB  00001A  000EF5      1DB6       0  CODE        2
                text13                         000EF5  00001A  000F0F      1DEA       0  CODE        2
                text25                         000F0F  000022  000F31      1E1E       0  CODE        2
                text4                          000F31  000024  000F55      1E62       0  CODE        2
                text10                         000F55  000028  000F7D      1EAA       0  CODE        2
                text5                          000F7D  000031  000FAE      1EFA       0  CODE        2
                text11                         000FAE  000052  001000      1F5C       0  CODE        2
                stringtext1                    001000  000071  001071      2000       0  STRCODE     2


UNUSED ADDRESS RANGES

        Name                Unused          Largest block    Delta
        BANK1            000EB-000EF               5           1
        BANK2            00120-0016F              50           1
        BANK3            001A0-001EF              50           1
        BANK4            00220-0026F              50           1
        BANK5            002A0-002EF              50           1
        BANK6            00320-0032F              10           1
        BIGRAM           02000-021EF             1F0           1
        CODE             00800-00E2D             62E           2
                         01071-01FFF             78F
        CONST            00800-00E2D             100           2
                         01071-01FFF             100
        ENTRY            00800-00E2D             100           2
                         01071-01FFF             100
        RAM              000EB-000EF               5           1
                         00120-0016F              50
                         001A0-001EF              50
                         00220-0026F              50
                         002A0-002EF              50
                         00320-0032F              10
        SFR0             00000-0001F              20           1
        SFR1             00080-0009F              20           1
        SFR10            00500-0056F              70           1
        SFR11            00580-005EF              70           1
        SFR12            00600-0066F              70           1
        SFR13            00680-006EF              70           1
        SFR14            00700-0076F              70           1
        SFR15            00780-007EF              70           1
        SFR16            00800-0086F              70           1
        SFR17            00880-008EF              70           1
        SFR18            00900-0096F              70           1
        SFR19            00980-009EF              70           1
        SFR2             00100-0011F              20           1
        SFR20            00A00-00A6F              70           1
        SFR21            00A80-00AEF              70           1
        SFR22            00B00-00B6F              70           1
        SFR23            00B80-00BEF              70           1
        SFR24            00C00-00C6F              70           1
        SFR25            00C80-00CEF              70           1
        SFR26            00D00-00D6F              70           1
        SFR27            00D80-00DEF              70           1
        SFR28            00E00-00E6F              70           1
        SFR29            00E80-00EEF              70           1
        SFR3             00180-0019F              20           1
        SFR30            00F00-00F6F              70           1
        SFR31            00F80-00FEF              70           1
        SFR4             00200-0021F              20           1
        SFR5             00280-0029F              20           1
        SFR6             00300-0031F              20           1
        SFR7             00380-003EF              70           1
        SFR8             00400-0046F              70           1
        SFR9             00480-004EF              70           1
        STRCODE          00800-00E2D             62E           2
                         01071-01FFF             F8F
        STRING           00800-00E2D             100           2
                         01071-01FFF             100

                                  Symbol Table

?___aodiv                                      cstackBANK0  00020
?___aomod                                      cstackBANK0  00020
?_abs                                          cstackCOMMON 00073
?_dtoa                                         cstackBANK0  00030
?_pad                                          cstackBANK0  00024
?_sprintf                                      cstackBANK0  00066
?_strlen                                       cstackCOMMON 00070
?_vfpfcnvrt                                    cstackBANK0  0004E
?_vfprintf                                     cstackBANK0  0005E
EUSART_SetErrorHandler@interruptHandler        cstackCOMMON 00070
EUSART_SetFramingErrorHandler@interruptHandler cstackCOMMON 00070
EUSART_SetOverrunErrorHandler@interruptHandler cstackCOMMON 00070
EUSART_Write@txData                            cstackCOMMON 00070
EUSART_Write_Text@endTrig                      cstackCOMMON 00076
EUSART_Write_Text@i                            cstackCOMMON 00074
EUSART_Write_Text@textData                     cstackCOMMON 00071
_ANSELA                                        (abs)        0018C
_ANSELB                                        (abs)        0018D
_ANSELC                                        (abs)        0018E
_APFCON                                        (abs)        0011D
_BAUDCON                                       (abs)        0019F
_BORCON                                        (abs)        00116
_EUSART_DefaultErrorHandler                    (abs)        00000
_EUSART_DefaultFramingErrorHandler             (abs)        00000
_EUSART_DefaultOverrunErrorHandler             (abs)        00000
_EUSART_ErrorHandler                           nvBANK1      000E2
_EUSART_FramingErrorHandler                    nvBANK1      000E6
_EUSART_Initialize                             text25       00F0F
_EUSART_OverrunErrorHandler                    nvBANK1      000E4
_EUSART_Read                                   text3        00E84
_EUSART_SetErrorHandler                        text28       00E3A
_EUSART_SetFramingErrorHandler                 text27       00E40
_EUSART_SetOverrunErrorHandler                 text26       00E46
_EUSART_Write                                  text20       00005
_EUSART_Write_Text                             text18       0000F
_EUSART_is_rx_ready                            text2        00E35
_EUSART_is_tx_ready                            text19       00E65
_EUSART_is_tx_ready$241                        cstackCOMMON 00070
_LATA                                          (abs)        0010C
_LATB                                          (abs)        0010D
_LATC                                          (abs)        0010E
_OPTION_REGbits                                (abs)        00095
_OSCCON                                        (abs)        00099
_OSCILLATOR_Initialize                         text24       00E4C
_PIN_MANAGER_Initialize                        text23       00EDB
_PIR1bits                                      (abs)        00011
_RCREG                                         (abs)        00199
_RCSTA                                         (abs)        0019D
_RCSTAbits                                     (abs)        0019D
_SPBRGH                                        (abs)        0019C
_SPBRGL                                        (abs)        0019B
_SYSTEM_Initialize                             text21       00E58
_TRISA                                         (abs)        0008C
_TRISB                                         (abs)        0008D
_TRISC                                         (abs)        0008E
_TXREG                                         (abs)        0019A
_TXSTA                                         (abs)        0019E
_TXSTAbits                                     (abs)        0019E
_WDTCON                                        (abs)        00097
_WDT_Initialize                                text22       00E31
_WPUA                                          (abs)        0020C
_WPUB                                          (abs)        0020D
__Habs1                                        abs1         00000
__Hbank0                                       bank0        00000
__Hbank1                                       bank1        00000
__Hbank10                                      bank10       00000
__Hbank11                                      bank11       00000
__Hbank12                                      bank12       00000
__Hbank13                                      bank13       00000
__Hbank14                                      bank14       00000
__Hbank15                                      bank15       00000
__Hbank16                                      bank16       00000
__Hbank17                                      bank17       00000
__Hbank18                                      bank18       00000
__Hbank19                                      bank19       00000
__Hbank2                                       bank2        00000
__Hbank20                                      bank20       00000
__Hbank21                                      bank21       00000
__Hbank22                                      bank22       00000
__Hbank23                                      bank23       00000
__Hbank24                                      bank24       00000
__Hbank25                                      bank25       00000
__Hbank26                                      bank26       00000
__Hbank27                                      bank27       00000
__Hbank28                                      bank28       00000
__Hbank29                                      bank29       00000
__Hbank3                                       bank3        00000
__Hbank30                                      bank30       00000
__Hbank31                                      bank31       00000
__Hbank4                                       bank4        00000
__Hbank5                                       bank5        00000
__Hbank6                                       bank6        00000
__Hbank7                                       bank7        00000
__Hbank8                                       bank8        00000
__Hbank9                                       bank9        00000
__Hbigram                                      bigram       00000
__HbssBANK0                                    bssBANK0     00000
__HbssBANK1                                    bssBANK1     00000
__Hcinit                                       cinit        00800
__Hclrtext                                     clrtext      00000
__Hcode                                        code         00000
__Hcommon                                      common       00000
__Hconfig                                      config       08009
__HcstackBANK0                                 cstackBANK0  00000
__HcstackBANK1                                 cstackBANK1  00000
__HcstackCOMMON                                cstackCOMMON 00000
__HdataBANK1                                   dataBANK1    00000
__Heeprom_data                                 eeprom_data  00000
__Hend_init                                    end_init     00004
__Hfunctab                                     functab      00000
__Hheap                                        heap         00000
__HidataBANK1                                  idataBANK1   00000
__Hidloc                                       idloc        08004
__Hinit                                        init         00002
__Hintentry                                    intentry     00002
__Hmaintext                                    maintext     00000
__HnvBANK1                                     nvBANK1      00000
__Hpowerup                                     powerup      00000
__Hram                                         ram          00000
__Hreset_vec                                   reset_vec    00002
__Hsfr0                                        sfr0         00000
__Hsfr1                                        sfr1         00000
__Hsfr10                                       sfr10        00000
__Hsfr11                                       sfr11        00000
__Hsfr12                                       sfr12        00000
__Hsfr13                                       sfr13        00000
__Hsfr14                                       sfr14        00000
__Hsfr15                                       sfr15        00000
__Hsfr16                                       sfr16        00000
__Hsfr17                                       sfr17        00000
__Hsfr18                                       sfr18        00000
__Hsfr19                                       sfr19        00000
__Hsfr2                                        sfr2         00000
__Hsfr20                                       sfr20        00000
__Hsfr21                                       sfr21        00000
__Hsfr22                                       sfr22        00000
__Hsfr23                                       sfr23        00000
__Hsfr24                                       sfr24        00000
__Hsfr25                                       sfr25        00000
__Hsfr26                                       sfr26        00000
__Hsfr27                                       sfr27        00000
__Hsfr28                                       sfr28        00000
__Hsfr29                                       sfr29        00000
__Hsfr3                                        sfr3         00000
__Hsfr30                                       sfr30        00000
__Hsfr31                                       sfr31        00000
__Hsfr4                                        sfr4         00000
__Hsfr5                                        sfr5         00000
__Hsfr6                                        sfr6         00000
__Hsfr7                                        sfr7         00000
__Hsfr8                                        sfr8         00000
__Hsfr9                                        sfr9         00000
__Hspace_0                                     (abs)        01071
__Hspace_1                                     (abs)        000EB
__Hspace_2                                     (abs)        00000
__Hspace_3                                     (abs)        00000
__Hspace_4                                     (abs)        10010
__Hstack                                       stack        00000
__Hstrings                                     strings      00000
__Hstringtext1                                 stringtext1  00000
__Hstringtext2                                 stringtext2  00000
__Hstringtext3                                 stringtext3  00000
__Hstringtext4                                 stringtext4  00000
__Hstringtext5                                 stringtext5  00000
__Hstringtext6                                 stringtext6  00000
__Hstringtext7                                 stringtext7  00000
__Hstringtext8                                 stringtext8  00000
__Hstringtext9                                 stringtext9  00000
__Htext                                        text         00000
__Labs1                                        abs1         00000
__Lbank0                                       bank0        00000
__Lbank1                                       bank1        00000
__Lbank10                                      bank10       00000
__Lbank11                                      bank11       00000
__Lbank12                                      bank12       00000
__Lbank13                                      bank13       00000
__Lbank14                                      bank14       00000
__Lbank15                                      bank15       00000
__Lbank16                                      bank16       00000
__Lbank17                                      bank17       00000
__Lbank18                                      bank18       00000
__Lbank19                                      bank19       00000
__Lbank2                                       bank2        00000
__Lbank20                                      bank20       00000
__Lbank21                                      bank21       00000
__Lbank22                                      bank22       00000
__Lbank23                                      bank23       00000
__Lbank24                                      bank24       00000
__Lbank25                                      bank25       00000
__Lbank26                                      bank26       00000
__Lbank27                                      bank27       00000
__Lbank28                                      bank28       00000
__Lbank29                                      bank29       00000
__Lbank3                                       bank3        00000
__Lbank30                                      bank30       00000
__Lbank31                                      bank31       00000
__Lbank4                                       bank4        00000
__Lbank5                                       bank5        00000
__Lbank6                                       bank6        00000
__Lbank7                                       bank7        00000
__Lbank8                                       bank8        00000
__Lbank9                                       bank9        00000
__Lbigram                                      bigram       00000
__LbssBANK0                                    bssBANK0     00000
__LbssBANK1                                    bssBANK1     00000
__Lcinit                                       cinit        007E3
__Lclrtext                                     clrtext      00000
__Lcode                                        code         00000
__Lcommon                                      common       00000
__Lconfig                                      config       00000
__LcstackBANK0                                 cstackBANK0  00000
__LcstackBANK1                                 cstackBANK1  00000
__LcstackCOMMON                                cstackCOMMON 00000
__LdataBANK1                                   dataBANK1    00000
__Leeprom_data                                 eeprom_data  00000
__Lend_init                                    end_init     00002
__Lfunctab                                     functab      00000
__Lheap                                        heap         00000
__LidataBANK1                                  idataBANK1   00000
__Lidloc                                       idloc        00000
__Linit                                        init         00002
__Lintentry                                    intentry     00002
__Lmaintext                                    maintext     00000
__LnvBANK1                                     nvBANK1      00000
__Lpowerup                                     powerup      00000
__Lram                                         ram          00000
__Lreset_vec                                   reset_vec    00000
__Lsfr0                                        sfr0         00000
__Lsfr1                                        sfr1         00000
__Lsfr10                                       sfr10        00000
__Lsfr11                                       sfr11        00000
__Lsfr12                                       sfr12        00000
__Lsfr13                                       sfr13        00000
__Lsfr14                                       sfr14        00000
__Lsfr15                                       sfr15        00000
__Lsfr16                                       sfr16        00000
__Lsfr17                                       sfr17        00000
__Lsfr18                                       sfr18        00000
__Lsfr19                                       sfr19        00000
__Lsfr2                                        sfr2         00000
__Lsfr20                                       sfr20        00000
__Lsfr21                                       sfr21        00000
__Lsfr22                                       sfr22        00000
__Lsfr23                                       sfr23        00000
__Lsfr24                                       sfr24        00000
__Lsfr25                                       sfr25        00000
__Lsfr26                                       sfr26        00000
__Lsfr27                                       sfr27        00000
__Lsfr28                                       sfr28        00000
__Lsfr29                                       sfr29        00000
__Lsfr3                                        sfr3         00000
__Lsfr30                                       sfr30        00000
__Lsfr31                                       sfr31        00000
__Lsfr4                                        sfr4         00000
__Lsfr5                                        sfr5         00000
__Lsfr6                                        sfr6         00000
__Lsfr7                                        sfr7         00000
__Lsfr8                                        sfr8         00000
__Lsfr9                                        sfr9         00000
__Lspace_0                                     (abs)        00000
__Lspace_1                                     (abs)        00000
__Lspace_2                                     (abs)        00000
__Lspace_3                                     (abs)        00000
__Lspace_4                                     (abs)        00000
__Lstack                                       stack        00000
__Lstrings                                     strings      00000
__Lstringtext1                                 stringtext1  00000
__Lstringtext2                                 stringtext2  00000
__Lstringtext3                                 stringtext3  00000
__Lstringtext4                                 stringtext4  00000
__Lstringtext5                                 stringtext5  00000
__Lstringtext6                                 stringtext6  00000
__Lstringtext7                                 stringtext7  00000
__Lstringtext8                                 stringtext8  00000
__Lstringtext9                                 stringtext9  00000
__Ltext                                        text         00000
__S0                                           (abs)        01071
__S1                                           (abs)        000EB
___aodiv                                       text15       0025C
___aodiv@counter                               cstackCOMMON 00071
___aodiv@dividend                              cstackBANK0  00028
___aodiv@divisor                               cstackBANK0  00020
___aodiv@quotient                              cstackCOMMON 00073
___aodiv@sign                                  cstackCOMMON 00072
___aomod                                       text14       00172
___aomod@counter                               cstackCOMMON 00071
___aomod@dividend                              cstackBANK0  00028
___aomod@divisor                               cstackBANK0  00020
___aomod@sign                                  cstackCOMMON 00072
___heap_hi                                     (abs)        00000
___heap_lo                                     (abs)        00000
___int_sp                                      stack        00000
___latbits                                     (abs)        00002
___sp                                          stack        00000
___stackhi                                     (abs)        00000
___stacklo                                     (abs)        00000
__end_of_EUSART_Initialize                     text25       00F31
__end_of_EUSART_Read                           text3        00E94
__end_of_EUSART_SetErrorHandler                text28       00E40
__end_of_EUSART_SetFramingErrorHandler         text27       00E46
__end_of_EUSART_SetOverrunErrorHandler         text26       00E4C
__end_of_EUSART_Write                          text20       0000F
__end_of_EUSART_Write_Text                     text18       00041
__end_of_EUSART_is_rx_ready                    text2        00E3A
__end_of_EUSART_is_tx_ready                    text19       00E74
__end_of_OSCILLATOR_Initialize                 text24       00E52
__end_of_PIN_MANAGER_Initialize                text23       00EF5
__end_of_SYSTEM_Initialize                     text21       00E65
__end_of_WDT_Initialize                        text22       00E35
__end_of___aodiv                               text15       0035D
__end_of___aomod                               text14       0025C
__end_of__initialization                       cinit        007FD
__end_of_abs                                   text13       00F0F
__end_of_confuse_guess                         text17       00E84
__end_of_correct_guess                         text16       00EAB
__end_of_dtoa                                  text7        004C0
__end_of_fputc                                 text11       01000
__end_of_fputs                                 text10       00F7D
__end_of_main                                  maintext     007E3
__end_of_pad                                   text8        00097
__end_of_putch                                 text12       00005
__end_of_sprintf                               text4        00F55
__end_of_strlen                                text9        00EDB
__end_of_user_wait                             text1        00EC2
__end_of_vfpfcnvrt                             text6        00172
__end_of_vfprintf                              text5        00FAE
__initialization                               cinit        007E3
__pbssBANK0                                    bssBANK0     0006C
__pbssBANK1                                    bssBANK1     000A0
__pcstackBANK0                                 cstackBANK0  00020
__pcstackBANK1                                 cstackBANK1  000C5
__pcstackCOMMON                                cstackCOMMON 00070
__pdataBANK1                                   dataBANK1    000E8
__pidataBANK1                                  idataBANK1   00E2E
__pmaintext                                    maintext     004C0
__pnvBANK1                                     nvBANK1      000E2
__pstringtext1                                 stringtext1  01000
__pstringtext2                                 stringtext2  01020
__pstringtext3                                 stringtext3  01038
__pstringtext4                                 stringtext4  0104D
__pstringtext5                                 stringtext5  01056
__pstringtext6                                 stringtext6  0105E
__pstringtext7                                 stringtext7  01066
__pstringtext8                                 stringtext8  0106D
__pstringtext9                                 stringtext9  00000
__ptext1                                       text1        00EAB
__ptext10                                      text10       00F55
__ptext11                                      text11       00FAE
__ptext12                                      text12       00004
__ptext13                                      text13       00EF5
__ptext14                                      text14       00172
__ptext15                                      text15       0025C
__ptext16                                      text16       00E94
__ptext17                                      text17       00E74
__ptext18                                      text18       0000F
__ptext19                                      text19       00E65
__ptext2                                       text2        00E35
__ptext20                                      text20       00005
__ptext21                                      text21       00E58
__ptext22                                      text22       00E31
__ptext23                                      text23       00EDB
__ptext24                                      text24       00E4C
__ptext25                                      text25       00F0F
__ptext26                                      text26       00E46
__ptext27                                      text27       00E40
__ptext28                                      text28       00E3A
__ptext3                                       text3        00E84
__ptext4                                       text4        00F31
__ptext5                                       text5        00F7D
__ptext6                                       text6        00097
__ptext7                                       text7        0035D
__ptext8                                       text8        00041
__ptext9                                       text9        00EC2
_abs                                           text13       00EF5
_confuse_guess                                 text17       00E74
_correct_guess                                 text16       00E94
_dbuf                                          bssBANK1     000A5
_dtoa                                          text7        0035D
_dtoa$729                                      cstackBANK0  0003B
_eusartRxLastError                             bssBANK1     000A4
_flags                                         bssBANK0     0006E
_fputc                                         text11       00FAE
_fputs                                         text10       00F55
_main                                          maintext     004C0
_nout                                          bssBANK1     000A0
_pad                                           text8        00041
_prec                                          bssBANK0     0006C
_putch                                         text12       00004
_sprintf                                       text4        00F31
_steps                                         dataBANK1    000E8
_strlen                                        text9        00EC2
_user_wait                                     text1        00EAB
_vfpfcnvrt                                     text6        00097
_vfprintf                                      text5        00F7D
_width                                         bssBANK1     000A2
abs@a                                          cstackCOMMON 00073
btemp                                          (abs)        0007E
clear_ram0                                     clrtext      00E52
correct_guess@user_res                         cstackCOMMON 00077
dtoa@d                                         cstackBANK0  00030
dtoa@fp                                        cstackBANK0  0003D
dtoa@i                                         cstackBANK0  0004C
dtoa@n                                         cstackBANK0  00044
dtoa@p                                         cstackBANK0  0003E
dtoa@s                                         cstackBANK0  00042
dtoa@w                                         cstackBANK0  00040
end_of_initialization                          cinit        007FD
fputc@c                                        cstackCOMMON 00070
fputc@fp                                       cstackCOMMON 00072
fputs@c                                        cstackBANK0  00020
fputs@fp                                       cstackCOMMON 00078
fputs@i                                        cstackBANK0  00021
fputs@s                                        cstackBANK0  00023
intlevel0                                      functab      00000
intlevel1                                      functab      00000
intlevel2                                      functab      00000
intlevel3                                      functab      00000
intlevel4                                      functab      00000
intlevel5                                      functab      00000
main@age_str                                   cstackBANK1  000D1
main@age_track                                 cstackBANK1  000DB
main@i                                         cstackBANK1  000DD
main@init_age                                  cstackBANK1  000E0
main@state                                     cstackBANK1  000DE
main@user_input                                cstackBANK1  000DF
pad@buf                                        cstackBANK0  00024
pad@fp                                         cstackBANK0  0002B
pad@i                                          cstackBANK0  00027
pad@p                                          cstackBANK0  00025
pad@w                                          cstackBANK0  00029
reset_vec                                      reset_vec    00000
sprintf@ap                                     cstackBANK1  000C5
sprintf@f                                      cstackBANK1  000C7
sprintf@fmt                                    cstackBANK0  00066
sprintf@s                                      cstackBANK1  000C6
start                                          init         00002
start_initialization                           cinit        007E3
strlen@a                                       cstackCOMMON 00073
strlen@s                                       cstackCOMMON 00074
user_wait@user_res                             cstackCOMMON 00078
vfpfcnvrt@ap                                   cstackBANK0  0004F
vfpfcnvrt@fmt                                  cstackBANK0  0004E
vfpfcnvrt@fp                                   cstackBANK0  0005D
vfpfcnvrt@ll                                   cstackBANK0  00055
vfprintf@ap                                    cstackBANK0  00060
vfprintf@cfmt                                  cstackBANK0  00064
vfprintf@fmt                                   cstackBANK0  0005E
vfprintf@fp                                    cstackBANK0  00063
wtemp0                                         (abs)        0007E


MODULE INFORMATION

Module		Function		Class		Link	Load	Size
C:\Program Files\Microchip\xc8\v2.36\pic\sources\c99\common\putch.c
		_putch         		CODE           	0004	0000	1

C:\Program Files\Microchip\xc8\v2.36\pic\sources\c99\common\putch.c estimated size: 1

C:\Program Files\Microchip\xc8\v2.36\pic\sources\c99\common\nf_fputs.c
		_fputs         		CODE           	0F55	0000	40

C:\Program Files\Microchip\xc8\v2.36\pic\sources\c99\common\nf_fputs.c estimated size: 40

C:\Program Files\Microchip\xc8\v2.36\pic\sources\c99\common\aomod.c
		___aomod       		CODE           	0172	0000	234

C:\Program Files\Microchip\xc8\v2.36\pic\sources\c99\common\aomod.c estimated size: 234

C:\Program Files\Microchip\xc8\v2.36\pic\sources\c99\common\nf_sprintf.c
		_sprintf       		CODE           	0F31	0000	36

C:\Program Files\Microchip\xc8\v2.36\pic\sources\c99\common\nf_sprintf.c estimated size: 36

mcc_generated_files/pin_manager.c
		_PIN_MANAGER_Initialize		CODE           	0EDB	0000	26

mcc_generated_files/pin_manager.c estimated size: 26

C:\Program Files\Microchip\xc8\v2.36\pic\sources\c99\common\strlen.c
		_strlen        		CODE           	0EC2	0000	25

C:\Program Files\Microchip\xc8\v2.36\pic\sources\c99\common\strlen.c estimated size: 25

C:\Program Files\Microchip\xc8\v2.36\pic\sources\c99\common\aodiv.c
		___aodiv       		CODE           	025C	0000	257

C:\Program Files\Microchip\xc8\v2.36\pic\sources\c99\common\aodiv.c estimated size: 257

C:\Program Files\Microchip\xc8\v2.36\pic\sources\c99\common\nf_fputc.c
		_fputc         		CODE           	0FAE	0000	82

C:\Program Files\Microchip\xc8\v2.36\pic\sources\c99\common\nf_fputc.c estimated size: 82

C:\Program Files\Microchip\xc8\v2.36\pic\sources\c99\common\doprnt.c
		_vfpfcnvrt     		CODE           	0097	0000	219
		_pad           		CODE           	0041	0000	86
		_dtoa          		CODE           	035D	0000	355
		_vfprintf      		CODE           	0F7D	0000	49

C:\Program Files\Microchip\xc8\v2.36\pic\sources\c99\common\doprnt.c estimated size: 709

shared
		__initialization		CODE           	07E3	0000	26

shared estimated size: 26

mcc_generated_files/mcc.c
		_WDT_Initialize		CODE           	0E31	0000	4
		_OSCILLATOR_Initialize		CODE           	0E4C	0000	6
		_SYSTEM_Initialize		CODE           	0E58	0000	13

mcc_generated_files/mcc.c estimated size: 23

C:\Program Files\Microchip\xc8\v2.36\pic\sources\c99\common\abs.c
		_abs           		CODE           	0EF5	0000	26

C:\Program Files\Microchip\xc8\v2.36\pic\sources\c99\common\abs.c estimated size: 26

mcc_generated_files/eusart.c
		_EUSART_Read   		CODE           	0E84	0000	16
		_EUSART_Write  		CODE           	0005	0000	10
		_EUSART_Initialize		CODE           	0F0F	0000	34
		_EUSART_SetFramingErrorHandler		CODE           	0E40	0000	6
		_EUSART_SetErrorHandler		CODE           	0E3A	0000	6
		_EUSART_SetOverrunErrorHandler		CODE           	0E46	0000	6
		_EUSART_is_rx_ready		CODE           	0E35	0000	5
		_EUSART_is_tx_ready		CODE           	0E65	0000	15

mcc_generated_files/eusart.c estimated size: 98

main.c
		_main          		CODE           	04C0	0000	803
		_confuse_guess 		CODE           	0E74	0000	16
		_EUSART_Write_Text		CODE           	000F	0000	50
		_correct_guess 		CODE           	0E94	0000	23
		_user_wait     		CODE           	0EAB	0000	23

main.c estimated size: 915

