Microchip MPLAB XC8 Compiler V2.36

Linker command line:

-W-3 --edf=C:\Program Files\Microchip\xc8\v2.36\pic\dat\en_msgs.txt -cn \
  -h+dist/default/production\Ex_7.1_20146110.X.production.sym \
  --cmf=dist/default/production\Ex_7.1_20146110.X.production.cmf -z \
  -Q16F887 -oC:\Users\Admin\AppData\Local\Temp\xcAsib0.4 \
  --defsym=__MPLAB_BUILD=1 \
  -Mdist/default/production/Ex_7.1_20146110.X.production.map \
  --md=C:\Users\Admin\AppData\Local\Temp\xcAsib0.dat -E1 -ver=XC8 Compiler \
  --acfsm=1493 -ACODE=00h-07FFhx4 -ASTRCODE=00h-01FFFh -ASTRING=00h-0FFhx32 \
  -ACONST=00h-0FFhx32 -AENTRY=00h-0FFhx32 -ACOMMON=070h-07Fh \
  -ABANK0=020h-06Fh -ABANK1=0A0h-0EFh -ABANK2=0110h-016Fh \
  -ABANK3=0190h-01EFh -ARAM=020h-06Fh,0A0h-0EFh,0110h-016Fh,0190h-01EFh \
  -AABS1=020h-07Fh,0A0h-0EFh,0110h-016Fh,0190h-01EFh -ASFR0=00h-01Fh \
  -ASFR1=080h-09Fh -ASFR2=0100h-010Fh -ASFR3=0180h-018Fh \
  -ACONFIG=02007h-02008h -DCONFIG=2 -AIDLOC=02000h-02003h -DIDLOC=2 \
  -AEEDATA=00h-0FFh/02100h -peeprom_data=EEDATA -DEEDATA=2 -DCODE=2 \
  -DSTRCODE=2 -DSTRING=2 -DCONST=2 -DENTRY=2 \
  -preset_vec=00h,intentry,init,end_init -ppowerup=CODE -pcinit=CODE \
  -pfunctab=ENTRY -k C:\Users\Admin\AppData\Local\Temp\xcAsib0.o \
  dist/default/production\Ex_7.1_20146110.X.production.o 

Object code version is 3.11

Machine type is 16F887



                Name                               Link     Load   Length Selector   Space Scale
C:\Users\Admin\AppData\Local\Temp\xcAsib0.o
                end_init                              0        0        3        0       0
                config                             2007     2007        2        0       4
                idloc                              2000     2000        4        0       5
dist/default/production\Ex_7.1_20146110.X.production.o
                cinit                               7EA      7EA       16      FD4       0
                config                             2007     2007        2        0       4
                idloc                              2000     2000        4        0       5
                text24                             1FDB     1FDB       25     3FB6       0
                text23                             1134     1134       67     2268       0
                text22                             107F     107F       59     20FE       0
                text21                             1003     1003        5     2006       0
                text20                             1217     1217       95     242E       0
                text19                              852      852        5     10A4       0
                text18                               1A       1A      1E3       34       0
                text17                             1FAC     1FAC        B     3F58       0
                text16                              D78      D78      288     1AF0       0
                text15                             1FB7     1FB7       24     3F6E       0
                text14                             1008     1008       27     2010       0
                text13                              489      489      361      912       0
                text12                             14C8     14C8       DC     2990       0
                text11                             12AC     12AC       A2     2558       0
                text10                             119B     119B       7C     2336       0
                text9                              134E     134E       BA     269C       0
                text8                              102F     102F       50     205E       0
                text7                              10D8     10D8       5C     21B0       0
                text6                               857      857       E9     10AE       0
                text5                              15A4     15A4       E4     2B48       0
                text4                               B1B      B1B      25D     1636       0
                text3                              1688     1688      178     2D10       0
                text2                               940      940      1DB     1280       0
                text1                              1408     1408       C0     2810       0
                maintext                            1FD      1FD      28C      3FA       0
                cstackBANK0                          20       20       50       20       1
                cstackCOMMON                         70       70        E       70       1
                cstackBANK1                          A0       A0       4D       A0       1
                inittext                              7        7       13        E       0
                dataBANK3                           190      190        A      190       1
                bssBANK3                            19A      19A        2      190       1
                strings                             800      800       52     1000       0
                idataBANK3                         1FA2     1FA2        A     3F44       0

TOTAL           Name                               Link     Load   Length     Space
        CLASS   CODE           
                end_init                              0        0        3         0
                cinit                               7EA      7EA       16         0
                text24                             1FDB     1FDB       25         0
                text23                             1134     1134       67         0
                text22                             107F     107F       59         0
                text21                             1003     1003        5         0
                text20                             1217     1217       95         0
                text19                              852      852        5         0
                text18                               1A       1A      1E3         0
                text17                             1FAC     1FAC        B         0
                text16                              D78      D78      288         0
                text15                             1FB7     1FB7       24         0
                text14                             1008     1008       27         0
                text13                              489      489      361         0
                text12                             14C8     14C8       DC         0
                text11                             12AC     12AC       A2         0
                text10                             119B     119B       7C         0
                text9                              134E     134E       BA         0
                text8                              102F     102F       50         0
                text7                              10D8     10D8       5C         0
                text6                               857      857       E9         0
                text5                              15A4     15A4       E4         0
                text4                               B1B      B1B      25D         0
                text3                              1688     1688      178         0
                text2                               940      940      1DB         0
                text1                              1408     1408       C0         0
                maintext                            1FD      1FD      28C         0
                inittext                              7        7       13         0
                idataBANK3                         1FA2     1FA2        A         0

        CLASS   STRCODE        

        CLASS   STRING         
                strings                             800      800       52         0

        CLASS   CONST          

        CLASS   ENTRY          

        CLASS   COMMON         
                cstackCOMMON                         70       70        E         1

        CLASS   BANK0          
                cstackBANK0                          20       20       50         1

        CLASS   BANK1          
                cstackBANK1                          A0       A0       4D         1

        CLASS   BANK2          

        CLASS   BANK3          
                dataBANK3                           190      190        A         1
                bssBANK3                            19A      19A        2         1

        CLASS   RAM            

        CLASS   ABS1           
                abs_s1                               7E       7E        2         1

        CLASS   SFR0           

        CLASS   SFR1           

        CLASS   SFR2           

        CLASS   SFR3           

        CLASS   CONFIG         
                config                             2007     2007        2         4

        CLASS   IDLOC          
                idloc                              2000     2000        4         5

        CLASS   EEDATA         

        CLASS   STACK          



SEGMENTS        Name                           Load    Length   Top    Selector   Space  Class     Delta

                reset_vec                      000000  000003  000003         0       0  CODE        2
                inittext                       000007  000013  00001A         E       0  CODE        2
                cstackBANK0                    000020  000050  000070        20       1  BANK0       1
                text18                         00001A  0001E3  0001FD        34       0  CODE        2
                cstackCOMMON                   000070  00000E  00007E        70       1  COMMON      1
                cstackBANK1                    0000A0  00004D  0000ED        A0       1  BANK1       1
                dataBANK3                      000190  00000C  00019C       190       1  BANK3       1
                maintext                       0001FD  00028C  000489       3FA       0  CODE        2
                text13                         000489  000361  0007EA       912       0  CODE        2
                cinit                          0007EA  000016  000800       FD4       0  CODE        2
                strings                        000800  000052  000852      1000       0  STRING      2
                text19                         000852  000005  000857      10A4       0  CODE        2
                text6                          000857  0000E9  000940      10AE       0  CODE        2
                text2                          000940  0001DB  000B1B      1280       0  CODE        2
                text4                          000B1B  00025D  000D78      1636       0  CODE        2
                text16                         000D78  000288  001000      1AF0       0  CODE        2
                text21                         001003  000005  001008      2006       0  CODE        2
                text14                         001008  000027  00102F      2010       0  CODE        2
                text8                          00102F  000050  00107F      205E       0  CODE        2
                text22                         00107F  000059  0010D8      20FE       0  CODE        2
                text7                          0010D8  00005C  001134      21B0       0  CODE        2
                text23                         001134  000067  00119B      2268       0  CODE        2
                text10                         00119B  00007C  001217      2336       0  CODE        2
                text20                         001217  000095  0012AC      242E       0  CODE        2
                text11                         0012AC  0000A2  00134E      2558       0  CODE        2
                text9                          00134E  0000BA  001408      269C       0  CODE        2
                text1                          001408  0000C0  0014C8      2810       0  CODE        2
                text12                         0014C8  0000DC  0015A4      2990       0  CODE        2
                text5                          0015A4  0000E4  001688      2B48       0  CODE        2
                text3                          001688  000178  001800      2D10       0  CODE        2
                idataBANK3                     001FA2  00000A  001FAC      3F44       0  CODE        2
                text17                         001FAC  00000B  001FB7      3F58       0  CODE        2
                text15                         001FB7  000024  001FDB      3F6E       0  CODE        2
                text24                         001FDB  000025  002000      3FB6       0  CODE        2


UNUSED ADDRESS RANGES

        Name                Unused          Largest block    Delta
        BANK1            00ED-00EF              3           1
        BANK2            0110-016F             60           1
        BANK3            019C-01EF             54           1
        CODE             0003-0006              4           2
                         1000-1002              3
                         1800-1FA1            7A2
        CONST            0003-0006              4           2
                         1000-1002              3
                         1800-1FA1            100
        EEDATA           2100-21FF            100           2
        ENTRY            0003-0006              4           2
                         1000-1002              3
                         1800-1FA1            100
        RAM              00ED-00EF              3           1
                         0110-016F             60
                         019C-01EF             54
        SFR0             0000-001F             20           1
        SFR1             0080-009F             20           1
        SFR2             0100-010F             10           1
        SFR3             0180-018F             10           1
        STRCODE          0003-0006              4           2
                         1000-1002              3
                         1800-1FA1            7A2
        STRING           0003-0006              4           2
                         1000-1002              3
                         1800-1FA1            100

                                  Symbol Table

?__Umul8_16              cstackCOMMON 0070
?___awdiv                cstackCOMMON 0070
?___awmod                cstackCOMMON 0070
?___fladd                cstackBANK0  004D
?___fldiv                cstackCOMMON 0070
?___flmul                cstackBANK0  0033
?___flneg                cstackCOMMON 0070
?___flsub                cstackBANK0  0061
?___fltol                cstackBANK0  0061
?___wmul                 cstackCOMMON 0070
?___xxtofl               cstackCOMMON 0070
?_eval_poly              cstackBANK0  0061
?_exp                    cstackBANK1  00AA
?_floor                  cstackBANK0  006C
?_frexp                  cstackBANK0  002C
?_ldexp                  cstackBANK1  00A4
?_log                    cstackBANK1  00A4
?_pot_value              cstackBANK1  00CC
?_pow                    cstackBANK1  00B6
_ADCON0                  (abs)        001F
_ADCON0bits              (abs)        001F
_ADCON1                  (abs)        009F
_ADRESH                  (abs)        001E
_ADRESL                  (abs)        009E
_Com_Ca                  dataBANK3    0190
_PORTD                   (abs)        0008
_PORTDbits               (abs)        0008
_TRISAbits               (abs)        0085
_TRISD                   (abs)        0088
__Habs1                  abs1         0000
__Hbank0                 bank0        0000
__Hbank1                 bank1        0000
__Hbank2                 bank2        0000
__Hbank3                 bank3        0000
__HbssBANK3              bssBANK3     0000
__Hcinit                 cinit        0800
__Hclrtext               clrtext      0000
__Hcode                  code         0000
__Hcommon                common       0000
__Hconfig                config       2009
__HcstackBANK0           cstackBANK0  0000
__HcstackBANK1           cstackBANK1  0000
__HcstackCOMMON          cstackCOMMON 0000
__HdataBANK3             dataBANK3    0000
__Heeprom_data           eeprom_data  0000
__Hend_init              end_init     0003
__Hfunctab               functab      0000
__HidataBANK3            idataBANK3   0000
__Hidloc                 idloc        2004
__Hinit                  init         0000
__Hinittext              inittext     0000
__Hintentry              intentry     0000
__Hmaintext              maintext     0000
__Hpowerup               powerup      0000
__Hram                   ram          0000
__Hreset_vec             reset_vec    0000
__Hsfr0                  sfr0         0000
__Hsfr1                  sfr1         0000
__Hsfr2                  sfr2         0000
__Hsfr3                  sfr3         0000
__Hspace_0               (abs)        2000
__Hspace_1               (abs)        019C
__Hspace_2               (abs)        0000
__Hspace_3               (abs)        0000
__Hspace_4               (abs)        4010
__Hstack                 stack        0000
__Hstrings               strings      0000
__Htext                  text         0000
__Labs1                  abs1         0000
__Lbank0                 bank0        0000
__Lbank1                 bank1        0000
__Lbank2                 bank2        0000
__Lbank3                 bank3        0000
__LbssBANK3              bssBANK3     0000
__Lcinit                 cinit        07EA
__Lclrtext               clrtext      0000
__Lcode                  code         0000
__Lcommon                common       0000
__Lconfig                config       0000
__LcstackBANK0           cstackBANK0  0000
__LcstackBANK1           cstackBANK1  0000
__LcstackCOMMON          cstackCOMMON 0000
__LdataBANK3             dataBANK3    0000
__Leeprom_data           eeprom_data  0000
__Lend_init              end_init     0000
__Lfunctab               functab      0000
__LidataBANK3            idataBANK3   0000
__Lidloc                 idloc        0000
__Linit                  init         0000
__Linittext              inittext     0000
__Lintentry              intentry     0000
__Lmaintext              maintext     0000
__Lpowerup               powerup      0000
__Lram                   ram          0000
__Lreset_vec             reset_vec    0000
__Lsfr0                  sfr0         0000
__Lsfr1                  sfr1         0000
__Lsfr2                  sfr2         0000
__Lsfr3                  sfr3         0000
__Lspace_0               (abs)        0000
__Lspace_1               (abs)        0000
__Lspace_2               (abs)        0000
__Lspace_3               (abs)        0000
__Lspace_4               (abs)        0000
__Lstack                 stack        0000
__Lstrings               strings      0000
__Ltext                  text         0000
__S0                     (abs)        2000
__S1                     (abs)        019C
__S3                     (abs)        0000
__Umul8_16               text14       1008
__Umul8_16@multiplicand  cstackCOMMON 0070
__Umul8_16@multiplier    cstackCOMMON 0078
__Umul8_16@product       cstackCOMMON 0074
__Umul8_16@word_mpld     cstackCOMMON 0076
___awdiv                 text23       1134
___awdiv@counter         cstackCOMMON 0075
___awdiv@dividend        cstackCOMMON 0072
___awdiv@divisor         cstackCOMMON 0070
___awdiv@quotient        cstackCOMMON 0077
___awdiv@sign            cstackCOMMON 0076
___awmod                 text22       107F
___awmod@counter         cstackCOMMON 0075
___awmod@dividend        cstackCOMMON 0072
___awmod@divisor         cstackCOMMON 0070
___awmod@sign            cstackCOMMON 0076
___fladd                 text16       0D78
___fladd@a               cstackBANK0  0051
___fladd@aexp            cstackBANK0  005E
___fladd@b               cstackBANK0  004D
___fladd@bexp            cstackBANK0  005F
___fladd@grs             cstackBANK0  0060
___fladd@signs           cstackBANK0  005D
___fldiv                 text18       001A
___fldiv@a               cstackCOMMON 0070
___fldiv@aexp            cstackBANK0  002C
___fldiv@b               cstackCOMMON 0074
___fldiv@bexp            cstackBANK0  002B
___fldiv@grs             cstackBANK0  0027
___fldiv@new_exp         cstackBANK0  0025
___fldiv@rem             cstackBANK0  0020
___fldiv@sign            cstackBANK0  0024
___fleq                  text8        102F
___fleq@ff1              cstackBANK0  0020
___fleq@ff2              cstackBANK0  0024
___flge                  text11       12AC
___flge@ff1              cstackCOMMON 0070
___flge@ff2              cstackCOMMON 0074
___flmul                 text13       0489
___flmul@a               cstackBANK0  0037
___flmul@aexp            cstackBANK0  0041
___flmul@b               cstackBANK0  0033
___flmul@bexp            cstackBANK0  0046
___flmul@grs             cstackBANK0  0042
___flmul@prod            cstackBANK0  0047
___flmul@sign            cstackBANK0  0040
___flmul@temp            cstackBANK0  004B
___flneg                 text17       1FAC
___flneg@f1              cstackCOMMON 0070
___flsub                 text15       1FB7
___flsub@a               cstackBANK0  0061
___flsub@b               cstackBANK0  0065
___fltol                 text10       119B
___fltol@exp1            cstackBANK0  006B
___fltol@f1              cstackBANK0  0061
___fltol@sign1           cstackBANK0  006A
___int_sp                stack        0000
___latbits               (abs)        0002
___sp                    stack        0000
___stackhi               (abs)        0000
___stacklo               (abs)        0000
___wmul                  text24       1FDB
___wmul@multiplicand     cstackCOMMON 0072
___wmul@multiplier       cstackCOMMON 0070
___wmul@product          cstackCOMMON 0074
___xxtofl                text9        134E
___xxtofl@arg            cstackCOMMON 007A
___xxtofl@exp            cstackCOMMON 0079
___xxtofl@sign           cstackCOMMON 0078
___xxtofl@val            cstackCOMMON 0070
__end_of__Umul8_16       text14       102F
__end_of___awdiv         text23       119B
__end_of___awmod         text22       10D8
__end_of___fladd         text16       1000
__end_of___fldiv         text18       01FD
__end_of___fleq          text8        107F
__end_of___flge          text11       134E
__end_of___flmul         text13       07EA
__end_of___flneg         text17       1FB7
__end_of___flsub         text15       1FDB
__end_of___fltol         text10       1217
__end_of___wmul          text24       2000
__end_of___xxtofl        text9        1408
__end_of__initialization cinit        07FC
__end_of__stringtab      strings      0806
__end_of_bit_shift       text20       12AC
__end_of_clk_pulse       text21       1008
__end_of_eval_poly       text12       15A4
__end_of_exp             text4        0D78
__end_of_floor           text6        0940
__end_of_frexp           text7        1134
__end_of_lat_pulse       text19       0857
__end_of_ldexp           text5        1688
__end_of_log             text3        1800
__end_of_main            maintext     0489
__end_of_pot_value       text1        14C8
__end_of_pow             text2        0B1B
__end_ofexp@coeff        strings      082E
__end_oflog@coeff        strings      0852
__initialization         cinit        07EA
__pbssBANK3              bssBANK3     019A
__pcstackBANK0           cstackBANK0  0020
__pcstackBANK1           cstackBANK1  00A0
__pcstackCOMMON          cstackCOMMON 0070
__pdataBANK3             dataBANK3    0190
__pidataBANK3            idataBANK3   1FA2
__pmaintext              maintext     01FD
__pstrings               strings      0800
__ptext1                 text1        1408
__ptext10                text10       119B
__ptext11                text11       12AC
__ptext12                text12       14C8
__ptext13                text13       0489
__ptext14                text14       1008
__ptext15                text15       1FB7
__ptext16                text16       0D78
__ptext17                text17       1FAC
__ptext18                text18       001A
__ptext19                text19       0852
__ptext2                 text2        0940
__ptext20                text20       1217
__ptext21                text21       1003
__ptext22                text22       107F
__ptext23                text23       1134
__ptext24                text24       1FDB
__ptext3                 text3        1688
__ptext4                 text4        0B1B
__ptext5                 text5        15A4
__ptext6                 text6        0857
__ptext7                 text7        10D8
__ptext8                 text8        102F
__ptext9                 text9        134E
__stringbase             strings      0805
__stringtab              strings      0800
_bit_shift               text20       1217
_clk_pulse               text21       1003
_errno                   bssBANK3     019A
_eval_poly               text12       14C8
_exp                     text4        0B1B
_exp$882                 cstackBANK1  00AF
_floor                   text6        0857
_frexp                   text7        10D8
_lat_pulse               text19       0852
_ldexp                   text5        15A4
_log                     text3        1688
_main                    maintext     01FD
_pot_value               text1        1408
_pot_value$879           cstackBANK1  00D2
_pow                     text2        0940
_pow$880                 cstackBANK1  00BF
_pow$881                 cstackBANK1  00C3
bit_shift@counter        cstackCOMMON 0079
bit_shift@digit_1        cstackBANK0  0020
bit_shift@digit_2        cstackBANK0  0022
bit_shift@i              cstackBANK0  0024
btemp                    (abs)        007E
end_of_initialization    cinit        07FC
eval_poly@d              cstackBANK0  0065
eval_poly@n              cstackBANK0  0066
eval_poly@res            cstackBANK1  00A0
eval_poly@x              cstackBANK0  0061
exp@coeff                strings      0806
exp@exponent             cstackBANK1  00B3
exp@sign                 cstackBANK1  00B5
exp@x                    cstackBANK1  00AA
floor@expon              cstackBANK1  00A5
floor@i                  cstackBANK1  00A1
floor@x                  cstackBANK0  006C
frexp@eptr               cstackBANK0  0030
frexp@value              cstackBANK0  002C
init_fetch0              inittext     0007
init_ram0                inittext     000B
intlevel0                functab      0000
intlevel1                functab      0000
intlevel2                functab      0000
intlevel3                functab      0000
intlevel4                functab      0000
intlevel5                functab      0000
ldexp@newexp             cstackBANK1  00A8
ldexp@value              cstackBANK1  00A4
log@coeff                strings      082E
log@exponent             cstackBANK0  006E
log@x                    cstackBANK1  00A4
main@min_counter         cstackBANK1  00E8
main@min_limit           cstackBANK1  00E4
main@pot_levelval        cstackBANK1  00E6
main@sec_counter         cstackBANK1  00EA
main@sec_limit           cstackBANK1  00E2
main@state               cstackBANK1  00EC
main@temp_min            cstackBANK1  00DE
main@temp_sec            cstackBANK1  00E0
pot_value@adres_high     cstackBANK1  00D8
pot_value@adres_low      cstackBANK1  00DA
pot_value@pot_high       cstackBANK1  00D0
pot_value@pot_level      cstackBANK1  00D6
pow@sign                 cstackBANK1  00C7
pow@x                    cstackBANK1  00B6
pow@y                    cstackBANK1  00BA
pow@yi                   cstackBANK1  00C8
reset_vec                reset_vec    0000
start                    init         0000
start_initialization     cinit        07EA
wtemp0                   (abs)        007E


MODULE INFORMATION

Module		Function		Class		Link	Load	Size
ex7-1.c
		_clk_pulse     		CODE           	1003	0000	5
		_lat_pulse     		CODE           	0852	0000	5
		_main          		CODE           	01FD	0000	652
		_bit_shift     		CODE           	1217	0000	149
		_pot_value     		CODE           	1408	0000	192

ex7-1.c estimated size: 1003

C:\Program Files\Microchip\xc8\v2.36\pic\sources\c90\common\awmod.c
		___awmod       		CODE           	107F	0000	89

C:\Program Files\Microchip\xc8\v2.36\pic\sources\c90\common\awmod.c estimated size: 89

C:\Program Files\Microchip\xc8\v2.36\pic\sources\c90\common\pow.c
		_pow           		CODE           	0940	0000	475

C:\Program Files\Microchip\xc8\v2.36\pic\sources\c90\common\pow.c estimated size: 475

C:\Program Files\Microchip\xc8\v2.36\pic\sources\c90\common\frexp.c
		_ldexp         		CODE           	15A4	0000	228
		_frexp         		CODE           	10D8	0000	92

C:\Program Files\Microchip\xc8\v2.36\pic\sources\c90\common\frexp.c estimated size: 320

C:\Program Files\Microchip\xc8\v2.36\pic\sources\c90\common\floor.c
		_floor         		CODE           	0857	0000	233

C:\Program Files\Microchip\xc8\v2.36\pic\sources\c90\common\floor.c estimated size: 233

C:\Program Files\Microchip\xc8\v2.36\pic\sources\c90\common\Umul16.c
		___wmul        		CODE           	1FDB	0000	37

C:\Program Files\Microchip\xc8\v2.36\pic\sources\c90\common\Umul16.c estimated size: 37

C:\Program Files\Microchip\xc8\v2.36\pic\sources\c90\common\fleq.c
		___fleq        		CODE           	102F	0000	80

C:\Program Files\Microchip\xc8\v2.36\pic\sources\c90\common\fleq.c estimated size: 80

C:\Program Files\Microchip\xc8\v2.36\pic\sources\c90\common\sprcmul.c
		___flmul       		CODE           	0489	0000	865

C:\Program Files\Microchip\xc8\v2.36\pic\sources\c90\common\sprcmul.c estimated size: 865

C:\Program Files\Microchip\xc8\v2.36\pic\sources\c90\common\awdiv.c
		___awdiv       		CODE           	1134	0000	103

C:\Program Files\Microchip\xc8\v2.36\pic\sources\c90\common\awdiv.c estimated size: 103

C:\Program Files\Microchip\xc8\v2.36\pic\sources\c90\common\fltol.c
		___fltol       		CODE           	119B	0000	124

C:\Program Files\Microchip\xc8\v2.36\pic\sources\c90\common\fltol.c estimated size: 124

C:\Program Files\Microchip\xc8\v2.36\pic\sources\c90\common\sprcdiv.c
		___fldiv       		CODE           	001A	0000	483

C:\Program Files\Microchip\xc8\v2.36\pic\sources\c90\common\sprcdiv.c estimated size: 483

shared
		exp@coeff      		STRING         	0806	0000	40
		__stringtab    		STRING         	0800	0000	6
		__initialization		CODE           	07EA	0000	18
		log@coeff      		STRING         	082E	0000	36

shared estimated size: 100

C:\Program Files\Microchip\xc8\v2.36\pic\sources\c90\common\exp.c
		_exp           		CODE           	0B1B	0000	605

C:\Program Files\Microchip\xc8\v2.36\pic\sources\c90\common\exp.c estimated size: 605

C:\Program Files\Microchip\xc8\v2.36\pic\sources\c90\common\evalpoly.c
		_eval_poly     		CODE           	14C8	0000	220

C:\Program Files\Microchip\xc8\v2.36\pic\sources\c90\common\evalpoly.c estimated size: 220

C:\Program Files\Microchip\xc8\v2.36\pic\sources\c90\common\xxtofl.c
		___xxtofl      		CODE           	134E	0000	186

C:\Program Files\Microchip\xc8\v2.36\pic\sources\c90\common\xxtofl.c estimated size: 186

C:\Program Files\Microchip\xc8\v2.36\pic\sources\c90\common\flneg.c
		___flneg       		CODE           	1FAC	0000	11

C:\Program Files\Microchip\xc8\v2.36\pic\sources\c90\common\flneg.c estimated size: 11

C:\Program Files\Microchip\xc8\v2.36\pic\sources\c90\common\sprcadd.c
		___flsub       		CODE           	1FB7	0000	36
		___fladd       		CODE           	0D78	0000	648

C:\Program Files\Microchip\xc8\v2.36\pic\sources\c90\common\sprcadd.c estimated size: 684

C:\Program Files\Microchip\xc8\v2.36\pic\sources\c90\common\flge.c
		___flge        		CODE           	12AC	0000	162

C:\Program Files\Microchip\xc8\v2.36\pic\sources\c90\common\flge.c estimated size: 162

C:\Program Files\Microchip\xc8\v2.36\pic\sources\c90\common\log.c
		_log           		CODE           	1688	0000	376

C:\Program Files\Microchip\xc8\v2.36\pic\sources\c90\common\log.c estimated size: 376

C:\Program Files\Microchip\xc8\v2.36\pic\sources\c90\common\Umul8_16.c
		__Umul8_16     		CODE           	1008	0000	39

C:\Program Files\Microchip\xc8\v2.36\pic\sources\c90\common\Umul8_16.c estimated size: 39

