Microchip MPLAB XC8 Compiler V2.36

Linker command line:

-W-3 --edf=C:\Program Files\Microchip\xc8\v2.36\pic\dat\en_msgs.txt -cn \
  -h+dist/default/production\Ex_7.2_20146110.X.production.sym \
  --cmf=dist/default/production\Ex_7.2_20146110.X.production.cmf -z \
  -Q16F887 -oC:\Users\Admin\AppData\Local\Temp\xcAsj70.4 \
  --defsym=__MPLAB_BUILD=1 \
  -Mdist/default/production/Ex_7.2_20146110.X.production.map \
  --md=C:\Users\Admin\AppData\Local\Temp\xcAsj70.dat -E1 -ver=XC8 Compiler \
  --acfsm=1493 -ACODE=00h-07FFhx4 -ASTRCODE=00h-01FFFh -ASTRING=00h-0FFhx32 \
  -ACONST=00h-0FFhx32 -AENTRY=00h-0FFhx32 -ACOMMON=070h-07Fh \
  -ABANK0=020h-06Fh -ABANK1=0A0h-0EFh -ABANK2=0110h-016Fh \
  -ABANK3=0190h-01EFh -ARAM=020h-06Fh,0A0h-0EFh,0110h-016Fh,0190h-01EFh \
  -AABS1=020h-07Fh,0A0h-0EFh,0110h-016Fh,0190h-01EFh -ASFR0=00h-01Fh \
  -ASFR1=080h-09Fh -ASFR2=0100h-010Fh -ASFR3=0180h-018Fh \
  -ACONFIG=02007h-02008h -DCONFIG=2 -AIDLOC=02000h-02003h -DIDLOC=2 \
  -AEEDATA=00h-0FFh/02100h -peeprom_data=EEDATA -DEEDATA=2 -DCODE=2 \
  -DSTRCODE=2 -DSTRING=2 -DCONST=2 -DENTRY=2 \
  -preset_vec=00h,intentry,init,end_init -ppowerup=CODE -pcinit=CODE \
  -pfunctab=ENTRY -k C:\Users\Admin\AppData\Local\Temp\xcAsj70.o \
  dist/default/production\Ex_7.2_20146110.X.production.o 

Object code version is 3.11

Machine type is 16F887



                Name                               Link     Load   Length Selector   Space Scale
C:\Users\Admin\AppData\Local\Temp\xcAsj70.o
                end_init                              0        0        3        0       0
                config                             2007     2007        2        0       4
                idloc                              2000     2000        4        0       5
dist/default/production\Ex_7.2_20146110.X.production.o
                cinit                               7F8      7F8        8      FF0       0
                config                             2007     2007        2        0       4
                idloc                              2000     2000        4        0       5
                text27                             1227     1227       54     244E       0
                text26                             1FD8     1FD8       28     3FB0       0
                text25                             10AD     10AD       2C     215A       0
                text24                             1F8B     1F8B       26     3F16       0
                text23                             1082     1082       2B     2104       0
                text22                             10D9     10D9       30     21B2       0
                text21                              C1E      C1E      1E3     183C       0
                text20                             1F80     1F80        B     3F00       0
                text19                              20F      20F      288      41E       0
                text18                             1187     1187       50     230E       0
                text17                             1FB1     1FB1       27     3F62       0
                text16                              497      497      361      92E       0
                text15                              809      809       E6     1012       0
                text14                             1375     1375       A2     26EA       0
                text13                             12D7     12D7       9E     25AE       0
                text12                             157E     157E       BC     2AFC       0
                text11                             11D7     11D7       50     23AE       0
                text10                             127B     127B       5C     24F6       0
                text9                              1707     1707       F9     2E0E       0
                text8                              14C4     14C4       BA     2988       0
                text7                               E01      E01      1FF     1C02       0
                text6                               8EF      8EF      156     11DE       0
                text5                               A45      A45      1D9     148A       0
                text4                              1417     1417       AD     282E       0
                text3                              1143     1143       44     2286       0
                text2                              1109     1109       3A     2212       0
                text1                              163A     163A       CD     2C74       0
                maintext                              6        6      209        C       0
                cstackBANK0                          20       20       50       20       1
                cstackCOMMON                         70       70        E       70       1
                cstackBANK1                          A0       A0       47       A0       1
                cstackBANK3                         190      190       2A      190       1
                bssBANK1                             E7       E7        2       A0       1
                strings                            1000     1000       82     2000       0

TOTAL           Name                               Link     Load   Length     Space
        CLASS   CODE           
                end_init                              0        0        3         0
                cinit                               7F8      7F8        8         0
                text27                             1227     1227       54         0
                text26                             1FD8     1FD8       28         0
                text25                             10AD     10AD       2C         0
                text24                             1F8B     1F8B       26         0
                text23                             1082     1082       2B         0
                text22                             10D9     10D9       30         0
                text21                              C1E      C1E      1E3         0
                text20                             1F80     1F80        B         0
                text19                              20F      20F      288         0
                text18                             1187     1187       50         0
                text17                             1FB1     1FB1       27         0
                text16                              497      497      361         0
                text15                              809      809       E6         0
                text14                             1375     1375       A2         0
                text13                             12D7     12D7       9E         0
                text12                             157E     157E       BC         0
                text11                             11D7     11D7       50         0
                text10                             127B     127B       5C         0
                text9                              1707     1707       F9         0
                text8                              14C4     14C4       BA         0
                text7                               E01      E01      1FF         0
                text6                               8EF      8EF      156         0
                text5                               A45      A45      1D9         0
                text4                              1417     1417       AD         0
                text3                              1143     1143       44         0
                text2                              1109     1109       3A         0
                text1                              163A     163A       CD         0
                maintext                              6        6      209         0

        CLASS   STRCODE        

        CLASS   STRING         
                strings                            1000     1000       82         0

        CLASS   CONST          

        CLASS   ENTRY          

        CLASS   COMMON         
                cstackCOMMON                         70       70        E         1

        CLASS   BANK0          
                cstackBANK0                          20       20       50         1

        CLASS   BANK1          
                cstackBANK1                          A0       A0       47         1
                bssBANK1                             E7       E7        2         1

        CLASS   BANK2          

        CLASS   BANK3          
                cstackBANK3                         190      190       2A         1

        CLASS   RAM            

        CLASS   ABS1           
                abs_s1                               7E       7E        2         1

        CLASS   SFR0           

        CLASS   SFR1           

        CLASS   SFR2           

        CLASS   SFR3           

        CLASS   CONFIG         
                config                             2007     2007        2         4

        CLASS   IDLOC          
                idloc                              2000     2000        4         5

        CLASS   EEDATA         

        CLASS   STACK          



SEGMENTS        Name                           Load    Length   Top    Selector   Space  Class     Delta

                reset_vec                      000000  000003  000003         0       0  CODE        2
                maintext                       000006  000209  00020F         C       0  CODE        2
                cstackBANK0                    000020  000050  000070        20       1  BANK0       1
                cstackCOMMON                   000070  00000E  00007E        70       1  COMMON      1
                cstackBANK1                    0000A0  000049  0000E9        A0       1  BANK1       1
                cstackBANK3                    000190  00002A  0001BA       190       1  BANK3       1
                text19                         00020F  000288  000497       41E       0  CODE        2
                text16                         000497  000361  0007F8       92E       0  CODE        2
                cinit                          0007F8  000008  000800       FF0       0  CODE        2
                text15                         000809  0000E6  0008EF      1012       0  CODE        2
                text6                          0008EF  000156  000A45      11DE       0  CODE        2
                text5                          000A45  0001D9  000C1E      148A       0  CODE        2
                text21                         000C1E  0001E3  000E01      183C       0  CODE        2
                text7                          000E01  0001FF  001000      1C02       0  CODE        2
                strings                        001000  000082  001082      2000       0  STRING      2
                text23                         001082  00002B  0010AD      2104       0  CODE        2
                text25                         0010AD  00002C  0010D9      215A       0  CODE        2
                text22                         0010D9  000030  001109      21B2       0  CODE        2
                text2                          001109  00003A  001143      2212       0  CODE        2
                text3                          001143  000044  001187      2286       0  CODE        2
                text18                         001187  000050  0011D7      230E       0  CODE        2
                text11                         0011D7  000050  001227      23AE       0  CODE        2
                text27                         001227  000054  00127B      244E       0  CODE        2
                text10                         00127B  00005C  0012D7      24F6       0  CODE        2
                text13                         0012D7  00009E  001375      25AE       0  CODE        2
                text14                         001375  0000A2  001417      26EA       0  CODE        2
                text4                          001417  0000AD  0014C4      282E       0  CODE        2
                text8                          0014C4  0000BA  00157E      2988       0  CODE        2
                text12                         00157E  0000BC  00163A      2AFC       0  CODE        2
                text1                          00163A  0000CD  001707      2C74       0  CODE        2
                text9                          001707  0000F9  001800      2E0E       0  CODE        2
                text20                         001F80  00000B  001F8B      3F00       0  CODE        2
                text24                         001F8B  000026  001FB1      3F16       0  CODE        2
                text17                         001FB1  000027  001FD8      3F62       0  CODE        2
                text26                         001FD8  000028  002000      3FB0       0  CODE        2


UNUSED ADDRESS RANGES

        Name                Unused          Largest block    Delta
        BANK1            00E9-00EF              7           1
        BANK2            0110-016F             60           1
        BANK3            01BA-01EF             36           1
        CODE             0003-0005              3           2
                         0800-0808              9
                         1800-1F7F            780
        CONST            0003-0005              3           2
                         0800-0808              9
                         1800-1F7F            100
        EEDATA           2100-21FF            100           2
        ENTRY            0003-0005              3           2
                         0800-0808              9
                         1800-1F7F            100
        RAM              00E9-00EF              7           1
                         0110-016F             60
                         01BA-01EF             36
        SFR0             0000-001F             20           1
        SFR1             0080-009F             20           1
        SFR2             0100-010F             10           1
        SFR3             0180-018F             10           1
        STRCODE          0003-0005              3           2
                         0800-0808              9
                         1800-1F7F            780
        STRING           0003-0005              3           2
                         0800-0808              9
                         1800-1F7F            100

                                  Symbol Table

?__Umul8_16              cstackCOMMON 0070
?___fladd                cstackBANK0  003D
?___fldiv                cstackCOMMON 0070
?___flmul                cstackBANK0  0051
?___flneg                cstackCOMMON 0070
?___flsub                cstackBANK1  00A7
?___fltol                cstackBANK0  006B
?___lwdiv                cstackCOMMON 0070
?___lwmod                cstackCOMMON 0078
?___xxtofl               cstackCOMMON 0079
?_eval_poly              cstackBANK1  00A0
?_exp                    cstackBANK1  00B3
?_floor                  cstackBANK1  00A7
?_frexp                  cstackBANK0  0036
?_ldexp                  cstackBANK1  00AB
?_lm35_value             cstackBANK1  00D5
?_log                    cstackBANK1  00AB
?_pow                    cstackBANK1  00BF
?_sprintf                cstackBANK0  0020
LCDGoto@ln               cstackCOMMON 0076
LCDGoto@pos              cstackCOMMON 007A
LCDPutChar@ch            cstackCOMMON 0075
LCDPutCmd@ch             cstackCOMMON 0075
LCDPutStr@i              cstackCOMMON 0079
LCDPutStr@str            cstackCOMMON 0076
LCDWriteNibble@ch        cstackCOMMON 0072
LCDWriteNibble@rs        cstackCOMMON 0070
_ADCON0                  (abs)        001F
_ADCON0bits              (abs)        001F
_ADCON1                  (abs)        009F
_ADRESH                  (abs)        001E
_ADRESL                  (abs)        009E
_LCDGoto                 text25       10AD
_LCDGoto$82              cstackCOMMON 0078
_LCDPutChar              text24       1F8B
_LCDPutCmd               text26       1FD8
_LCDPutStr               text23       1082
_LCDWriteNibble          text27       1227
_LCD_Initialize          text22       10D9
_PORTB                   (abs)        0006
_PORTC                   (abs)        0007
_PORTCbits               (abs)        0007
_PORTD                   (abs)        0008
_TRISAbits               (abs)        0085
_TRISB                   (abs)        0086
_TRISC                   (abs)        0087
_TRISD                   (abs)        0088
__Habs1                  abs1         0000
__Hbank0                 bank0        0000
__Hbank1                 bank1        0000
__Hbank2                 bank2        0000
__Hbank3                 bank3        0000
__HbssBANK1              bssBANK1     0000
__Hcinit                 cinit        0800
__Hclrtext               clrtext      0000
__Hcode                  code         0000
__Hcommon                common       0000
__Hconfig                config       2009
__HcstackBANK0           cstackBANK0  0000
__HcstackBANK1           cstackBANK1  0000
__HcstackBANK3           cstackBANK3  0000
__HcstackCOMMON          cstackCOMMON 0000
__Heeprom_data           eeprom_data  0000
__Hend_init              end_init     0003
__Hfunctab               functab      0000
__Hidloc                 idloc        2004
__Hinit                  init         0000
__Hintentry              intentry     0000
__Hmaintext              maintext     0000
__Hpowerup               powerup      0000
__Hram                   ram          0000
__Hreset_vec             reset_vec    0000
__Hsfr0                  sfr0         0000
__Hsfr1                  sfr1         0000
__Hsfr2                  sfr2         0000
__Hsfr3                  sfr3         0000
__Hspace_0               (abs)        2000
__Hspace_1               (abs)        01BA
__Hspace_2               (abs)        0000
__Hspace_3               (abs)        0000
__Hspace_4               (abs)        4010
__Hstack                 stack        0000
__Hstrings               strings      0000
__Htext                  text         0000
__Labs1                  abs1         0000
__Lbank0                 bank0        0000
__Lbank1                 bank1        0000
__Lbank2                 bank2        0000
__Lbank3                 bank3        0000
__LbssBANK1              bssBANK1     0000
__Lcinit                 cinit        07F8
__Lclrtext               clrtext      0000
__Lcode                  code         0000
__Lcommon                common       0000
__Lconfig                config       0000
__LcstackBANK0           cstackBANK0  0000
__LcstackBANK1           cstackBANK1  0000
__LcstackBANK3           cstackBANK3  0000
__LcstackCOMMON          cstackCOMMON 0000
__Leeprom_data           eeprom_data  0000
__Lend_init              end_init     0000
__Lfunctab               functab      0000
__Lidloc                 idloc        0000
__Linit                  init         0000
__Lintentry              intentry     0000
__Lmaintext              maintext     0000
__Lpowerup               powerup      0000
__Lram                   ram          0000
__Lreset_vec             reset_vec    0000
__Lsfr0                  sfr0         0000
__Lsfr1                  sfr1         0000
__Lsfr2                  sfr2         0000
__Lsfr3                  sfr3         0000
__Lspace_0               (abs)        0000
__Lspace_1               (abs)        0000
__Lspace_2               (abs)        0000
__Lspace_3               (abs)        0000
__Lspace_4               (abs)        0000
__Lstack                 stack        0000
__Lstrings               strings      0000
__Ltext                  text         0000
__S0                     (abs)        2000
__S1                     (abs)        01BA
__S3                     (abs)        0000
__Umul8_16               text17       1FB1
__Umul8_16@multiplicand  cstackCOMMON 0070
__Umul8_16@multiplier    cstackCOMMON 0078
__Umul8_16@product       cstackCOMMON 0074
__Umul8_16@word_mpld     cstackCOMMON 0076
___fladd                 text19       020F
___fladd@a               cstackBANK0  0041
___fladd@aexp            cstackBANK0  004E
___fladd@b               cstackBANK0  003D
___fladd@bexp            cstackBANK0  004F
___fladd@grs             cstackBANK0  0050
___fladd@signs           cstackBANK0  004D
___fldiv                 text21       0C1E
___fldiv@a               cstackCOMMON 0070
___fldiv@aexp            cstackBANK0  002C
___fldiv@b               cstackCOMMON 0074
___fldiv@bexp            cstackBANK0  002B
___fldiv@grs             cstackBANK0  0027
___fldiv@new_exp         cstackBANK0  0025
___fldiv@rem             cstackBANK0  0020
___fldiv@sign            cstackBANK0  0024
___fleq                  text11       11D7
___fleq@ff1              cstackBANK0  002A
___fleq@ff2              cstackBANK0  002E
___flge                  text14       1375
___flge@ff1              cstackCOMMON 0070
___flge@ff2              cstackCOMMON 0074
___flmul                 text16       0497
___flmul@a               cstackBANK0  0055
___flmul@aexp            cstackBANK0  0063
___flmul@b               cstackBANK0  0051
___flmul@bexp            cstackBANK0  0064
___flmul@grs             cstackBANK0  005F
___flmul@prod            cstackBANK0  0065
___flmul@sign            cstackBANK0  005E
___flmul@temp            cstackBANK0  0069
___flneg                 text20       1F80
___flneg@f1              cstackCOMMON 0070
___flsub                 text18       1187
___flsub@a               cstackBANK1  00A7
___flsub@b               cstackBANK1  00AB
___fltol                 text13       12D7
___fltol@exp1            cstackBANK1  00A6
___fltol@f1              cstackBANK0  006B
___fltol@sign1           cstackBANK1  00A5
___int_sp                stack        0000
___latbits               (abs)        0002
___lwdiv                 text3        1143
___lwdiv@counter         cstackCOMMON 0077
___lwdiv@dividend        cstackCOMMON 0072
___lwdiv@divisor         cstackCOMMON 0070
___lwdiv@quotient        cstackCOMMON 0075
___lwmod                 text2        1109
___lwmod@counter         cstackCOMMON 007D
___lwmod@dividend        cstackCOMMON 007A
___lwmod@divisor         cstackCOMMON 0078
___sp                    stack        0000
___stackhi               (abs)        0000
___stacklo               (abs)        0000
___xxtofl                text12       157E
___xxtofl@arg            cstackBANK0  0026
___xxtofl@exp            cstackBANK0  0025
___xxtofl@sign           cstackBANK0  0024
___xxtofl@val            cstackCOMMON 0079
__end_of_LCDGoto         text25       10D9
__end_of_LCDPutChar      text24       1FB1
__end_of_LCDPutCmd       text26       2000
__end_of_LCDPutStr       text23       10AD
__end_of_LCDWriteNibble  text27       127B
__end_of_LCD_Initialize  text22       1109
__end_of__Umul8_16       text17       1FD8
__end_of___fladd         text19       0497
__end_of___fldiv         text21       0E01
__end_of___fleq          text11       1227
__end_of___flge          text14       1417
__end_of___flmul         text16       07F8
__end_of___flneg         text20       1F8B
__end_of___flsub         text18       11D7
__end_of___fltol         text13       1375
__end_of___lwdiv         text3        1187
__end_of___lwmod         text2        1143
__end_of___xxtofl        text12       163A
__end_of__initialization cinit        07FC
__end_of__stringtab      strings      1010
__end_of_dpowers         strings      101A
__end_of_eval_poly       text15       08EF
__end_of_exp             text7        1000
__end_of_floor           text9        1800
__end_of_frexp           text10       12D7
__end_of_ldexp           text8        157E
__end_of_lm35_value      text4        14C4
__end_of_log             text6        0A45
__end_of_main            maintext     020F
__end_of_pow             text5        0C1E
__end_of_sprintf         text1        1707
__end_ofexp@coeff        strings      1042
__end_oflog@coeff        strings      1066
__initialization         cinit        07F8
__pbssBANK1              bssBANK1     00E7
__pcstackBANK0           cstackBANK0  0020
__pcstackBANK1           cstackBANK1  00A0
__pcstackBANK3           cstackBANK3  0190
__pcstackCOMMON          cstackCOMMON 0070
__pmaintext              maintext     0006
__pstrings               strings      1000
__ptext1                 text1        163A
__ptext10                text10       127B
__ptext11                text11       11D7
__ptext12                text12       157E
__ptext13                text13       12D7
__ptext14                text14       1375
__ptext15                text15       0809
__ptext16                text16       0497
__ptext17                text17       1FB1
__ptext18                text18       1187
__ptext19                text19       020F
__ptext2                 text2        1109
__ptext20                text20       1F80
__ptext21                text21       0C1E
__ptext22                text22       10D9
__ptext23                text23       1082
__ptext24                text24       1F8B
__ptext25                text25       10AD
__ptext26                text26       1FD8
__ptext27                text27       1227
__ptext3                 text3        1143
__ptext4                 text4        1417
__ptext5                 text5        0A45
__ptext6                 text6        08EF
__ptext7                 text7        0E01
__ptext8                 text8        14C4
__ptext9                 text9        1707
__stringbase             strings      100F
__stringtab              strings      1000
_dpowers                 strings      1010
_errno                   bssBANK1     00E7
_eval_poly               text15       0809
_exp                     text7        0E01
_exp$943                 cstackBANK1  00B8
_floor                   text9        1707
_frexp                   text10       127B
_ldexp                   text8        14C4
_lm35_value              text4        1417
_lm35_value$936          cstackBANK1  00DF
_log                     text6        08EF
_main                    maintext     0006
_main$937                cstackBANK3  01B6
_main$938                cstackBANK3  01A6
_main$939                cstackBANK3  01AA
_main$940                cstackBANK3  01AE
_pow                     text5        0A45
_pow$941                 cstackBANK1  00C8
_pow$942                 cstackBANK1  00CC
_sprintf                 text1        163A
btemp                    (abs)        007E
end_of_initialization    cinit        07FC
eval_poly@d              cstackBANK1  00A4
eval_poly@n              cstackBANK1  00A5
eval_poly@res            cstackBANK1  00A7
eval_poly@x              cstackBANK1  00A0
exp@coeff                strings      101A
exp@exponent             cstackBANK1  00BC
exp@sign                 cstackBANK1  00BE
exp@x                    cstackBANK1  00B3
floor@expon              cstackBANK1  00AF
floor@i                  cstackBANK1  00AB
floor@x                  cstackBANK1  00A7
frexp@eptr               cstackBANK0  003A
frexp@value              cstackBANK0  0036
intlevel0                functab      0000
intlevel1                functab      0000
intlevel2                functab      0000
intlevel3                functab      0000
intlevel4                functab      0000
intlevel5                functab      0000
ldexp@newexp             cstackBANK1  00AF
ldexp@value              cstackBANK1  00AB
lm35_value@lm_val        cstackBANK1  00E3
log@coeff                strings      1042
log@exponent             cstackBANK1  00AF
log@x                    cstackBANK1  00AB
main@comp_val            cstackBANK3  01A4
main@decimal_part        cstackBANK3  01B4
main@temp_string         cstackBANK3  0190
main@temp_val            cstackBANK3  01B2
pow@sign                 cstackBANK1  00D0
pow@x                    cstackBANK1  00BF
pow@y                    cstackBANK1  00C3
pow@yi                   cstackBANK1  00D1
reset_vec                reset_vec    0000
sprintf@ap               cstackBANK0  0029
sprintf@c                cstackBANK0  002E
sprintf@f                cstackBANK0  0020
sprintf@flag             cstackBANK0  0028
sprintf@prec             cstackBANK0  002C
sprintf@sp               cstackBANK0  002D
sprintf@val              cstackBANK0  002A
start                    init         0000
start_initialization     cinit        07F8
wtemp0                   (abs)        007E


MODULE INFORMATION

Module		Function		Class		Link	Load	Size
C:\Program Files\Microchip\xc8\v2.36\pic\sources\c90\common\doprnt.c
		_sprintf       		CODE           	163A	0000	205

C:\Program Files\Microchip\xc8\v2.36\pic\sources\c90\common\doprnt.c estimated size: 205

C:\Program Files\Microchip\xc8\v2.36\pic\sources\c90\common\lwmod.c
		___lwmod       		CODE           	1109	0000	58

C:\Program Files\Microchip\xc8\v2.36\pic\sources\c90\common\lwmod.c estimated size: 58

C:\Program Files\Microchip\xc8\v2.36\pic\sources\c90\common\pow.c
		_pow           		CODE           	0A45	0000	473

C:\Program Files\Microchip\xc8\v2.36\pic\sources\c90\common\pow.c estimated size: 473

C:\Program Files\Microchip\xc8\v2.36\pic\sources\c90\common\frexp.c
		_ldexp         		CODE           	14C4	0000	186
		_frexp         		CODE           	127B	0000	92

C:\Program Files\Microchip\xc8\v2.36\pic\sources\c90\common\frexp.c estimated size: 278

C:\Program Files\Microchip\xc8\v2.36\pic\sources\c90\common\floor.c
		_floor         		CODE           	1707	0000	249

C:\Program Files\Microchip\xc8\v2.36\pic\sources\c90\common\floor.c estimated size: 249

C:\Program Files\Microchip\xc8\v2.36\pic\sources\c90\common\fleq.c
		___fleq        		CODE           	11D7	0000	80

C:\Program Files\Microchip\xc8\v2.36\pic\sources\c90\common\fleq.c estimated size: 80

C:\Program Files\Microchip\xc8\v2.36\pic\sources\c90\common\lwdiv.c
		___lwdiv       		CODE           	1143	0000	68

C:\Program Files\Microchip\xc8\v2.36\pic\sources\c90\common\lwdiv.c estimated size: 68

C:\Program Files\Microchip\xc8\v2.36\pic\sources\c90\common\sprcmul.c
		___flmul       		CODE           	0497	0000	865

C:\Program Files\Microchip\xc8\v2.36\pic\sources\c90\common\sprcmul.c estimated size: 865

C:\Program Files\Microchip\xc8\v2.36\pic\sources\c90\common\fltol.c
		___fltol       		CODE           	12D7	0000	158

C:\Program Files\Microchip\xc8\v2.36\pic\sources\c90\common\fltol.c estimated size: 158

ex7-2.c
		_lm35_value    		CODE           	1417	0000	173
		_main          		CODE           	0006	0000	521

ex7-2.c estimated size: 694

C:\Program Files\Microchip\xc8\v2.36\pic\sources\c90\common\sprcdiv.c
		___fldiv       		CODE           	0C1E	0000	483

C:\Program Files\Microchip\xc8\v2.36\pic\sources\c90\common\sprcdiv.c estimated size: 483

shared
		exp@coeff      		STRING         	101A	0000	40
		__stringtab    		STRING         	1000	0000	16
		_dpowers       		STRING         	1010	0000	10
		__initialization		CODE           	07F8	0000	4
		log@coeff      		STRING         	1042	0000	36

shared estimated size: 106

C:\Program Files\Microchip\xc8\v2.36\pic\sources\c90\common\exp.c
		_exp           		CODE           	0E01	0000	511

C:\Program Files\Microchip\xc8\v2.36\pic\sources\c90\common\exp.c estimated size: 511

C:\Program Files\Microchip\xc8\v2.36\pic\sources\c90\common\evalpoly.c
		_eval_poly     		CODE           	0809	0000	230

C:\Program Files\Microchip\xc8\v2.36\pic\sources\c90\common\evalpoly.c estimated size: 230

C:\Program Files\Microchip\xc8\v2.36\pic\sources\c90\common\xxtofl.c
		___xxtofl      		CODE           	157E	0000	188

C:\Program Files\Microchip\xc8\v2.36\pic\sources\c90\common\xxtofl.c estimated size: 188

lcd.c
		_LCDPutCmd     		CODE           	1FD8	0000	40
		_LCDPutStr     		CODE           	1082	0000	43
		_LCDPutChar    		CODE           	1F8B	0000	38
		_LCD_Initialize		CODE           	10D9	0000	48
		_LCDWriteNibble		CODE           	1227	0000	84
		_LCDGoto       		CODE           	10AD	0000	44

lcd.c estimated size: 297

C:\Program Files\Microchip\xc8\v2.36\pic\sources\c90\common\flneg.c
		___flneg       		CODE           	1F80	0000	11

C:\Program Files\Microchip\xc8\v2.36\pic\sources\c90\common\flneg.c estimated size: 11

C:\Program Files\Microchip\xc8\v2.36\pic\sources\c90\common\sprcadd.c
		___flsub       		CODE           	1187	0000	80
		___fladd       		CODE           	020F	0000	648

C:\Program Files\Microchip\xc8\v2.36\pic\sources\c90\common\sprcadd.c estimated size: 728

C:\Program Files\Microchip\xc8\v2.36\pic\sources\c90\common\flge.c
		___flge        		CODE           	1375	0000	162

C:\Program Files\Microchip\xc8\v2.36\pic\sources\c90\common\flge.c estimated size: 162

C:\Program Files\Microchip\xc8\v2.36\pic\sources\c90\common\log.c
		_log           		CODE           	08EF	0000	342

C:\Program Files\Microchip\xc8\v2.36\pic\sources\c90\common\log.c estimated size: 342

C:\Program Files\Microchip\xc8\v2.36\pic\sources\c90\common\Umul8_16.c
		__Umul8_16     		CODE           	1FB1	0000	39

C:\Program Files\Microchip\xc8\v2.36\pic\sources\c90\common\Umul8_16.c estimated size: 39

